******************************************************************************
                  TI ARM Linker PC v20.2.7                     
******************************************************************************
>> Linked Wed Mar 29 00:20:05 2023

OUTPUT FILE NAME:   <Lab5.out>
ENTRY POINT SYMBOL: "_c_int00_noargs"  address: 00000689


MEMORY CONFIGURATION

         name            origin    length      used     unused   attr    fill
----------------------  --------  ---------  --------  --------  ----  --------
  FLASH                 00000000   00040000  00000740  0003f8c0  R  X
  SRAM                  20000000   00008000  00000248  00007db8  RW X


SEGMENT ALLOCATION MAP

run origin  load origin   length   init length attrs members
----------  ----------- ---------- ----------- ----- -------
00000000    00000000    00000740   00000740    r-x
  00000000    00000000    0000026c   0000026c    r-- .intvecs
  0000026c    0000026c    0000047c   0000047c    r-x .text
  000006e8    000006e8    00000058   00000058    r-- .cinit
20000000    20000000    00000248   00000000    rw-
  20000000    20000000    00000200   00000000    rw- .stack
  20000200    20000200    00000048   00000000    rw- .data


SECTION ALLOCATION MAP

 output                                  attributes/
section   page    origin      length       input sections
--------  ----  ----------  ----------   ----------------
.intvecs   0    00000000    0000026c     
                  00000000    0000026c     tm4c123gh6pm_startup_ccs.obj (.intvecs)

.text      0    0000026c    0000047c     
                  0000026c    000002d4     lab_5_library.obj (.text)
                  00000540    0000009c     rtsv7M4_T_le_v4SPD16_eabi.lib : memcpy_t2.asm.obj (.text)
                  000005dc    00000068                                   : copy_decompress_lzss.c.obj (.text:decompress:lzss:__TI_decompress_lzss)
                  00000644    00000044                                   : autoinit.c.obj (.text:__TI_auto_init_nobinit_nopinit:__TI_auto_init_nobinit_nopinit)
                  00000688    00000034                                   : boot_cortex_m.c.obj (.text:_c_int00_noargs:_c_int00_noargs)
                  000006bc    0000000e                                   : copy_decompress_none.c.obj (.text:decompress:none:__TI_decompress_none)
                  000006ca    0000000c     tm4c123gh6pm_startup_ccs.obj (.text)
                  000006d6    0000000a     main.obj (.text)
                  000006e0    00000004     rtsv7M4_T_le_v4SPD16_eabi.lib : pre_init.c.obj (.text:_system_pre_init)
                  000006e4    00000004                                   : exit.c.obj (.text:abort:abort)

.cinit     0    000006e8    00000058     
                  000006e8    00000048     (.cinit..data.load) [load image, compression = lzss]
                  00000730    00000008     (__TI_handler_table)
                  00000738    00000008     (__TI_cinit_table)

.init_array 
*          0    00000000    00000000     UNINITIALIZED

.data      0    20000200    00000048     UNINITIALIZED
                  20000200    00000048     lab_5_library.obj (.data)

.stack     0    20000000    00000200     UNINITIALIZED
                  20000000    00000004     rtsv7M4_T_le_v4SPD16_eabi.lib : boot_cortex_m.c.obj (.stack)
                  20000004    000001fc     --HOLE--

__llvm_prf_cnts 
*          0    20000000    00000000     UNINITIALIZED

MODULE SUMMARY

       Module                         code   ro data   rw data
       ------                         ----   -------   -------
    .\
       lab_5_library.obj              724    0         72     
       tm4c123gh6pm_startup_ccs.obj   12     620       0      
       main.obj                       10     0         0      
    +--+------------------------------+------+---------+---------+
       Total:                         746    620       72     
                                                              
    D:\Program Files\ccs\tools\compiler\ti-cgt-arm_20.2.7.LTS\lib\rtsv7M4_T_le_v4SPD16_eabi.lib
       memcpy_t2.asm.obj              156    0         0      
       copy_decompress_lzss.c.obj     104    0         0      
       autoinit.c.obj                 68     0         0      
       boot_cortex_m.c.obj            52     0         0      
       copy_decompress_none.c.obj     14     0         0      
       exit.c.obj                     4      0         0      
       pre_init.c.obj                 4      0         0      
    +--+------------------------------+------+---------+---------+
       Total:                         402    0         0      
                                                              
       Stack:                         0      0         512    
       Linker Generated:              0      88        0      
    +--+------------------------------+------+---------+---------+
       Grand Total:                   1148   708       584    


LINKER GENERATED COPY TABLES

__TI_cinit_table @ 00000738 records: 1, size/record: 8, table size: 8
	.data: load addr=000006e8, load size=00000048 bytes, run addr=20000200, run size=00000048 bytes, compression=lzss


LINKER GENERATED HANDLER TABLE

__TI_handler_table @ 00000730 records: 2, size/record: 4, table size: 8
	index: 0, handler: __TI_decompress_lzss
	index: 1, handler: __TI_decompress_none


GLOBAL SYMBOLS: SORTED ALPHABETICALLY BY Name 

address   name                          
-------   ----                          
000006e5  C$$EXIT                       
000006cb  ResetISR                      
00000437  Switch_Handler                
00000457  Timer_Handler                 
0000040f  UART0_Handler                 
20000200  __STACK_END                   
00000200  __STACK_SIZE                  
20000200  __STACK_TOP                   
00000738  __TI_CINIT_Base               
00000740  __TI_CINIT_Limit              
00000730  __TI_Handler_Table_Base       
00000738  __TI_Handler_Table_Limit      
00000645  __TI_auto_init_nobinit_nopinit
000005dd  __TI_decompress_lzss          
000006bd  __TI_decompress_none          
ffffffff  __TI_pprof_out_hndl           
ffffffff  __TI_prof_data_size           
ffffffff  __TI_prof_data_start          
00000000  __TI_static_base__            
00000541  __aeabi_memcpy                
00000541  __aeabi_memcpy4               
00000541  __aeabi_memcpy8               
ffffffff  __binit__                     
ffffffff  __c_args__                    
UNDEFED   __mpu_init                    
20000000  __stack                       
20000000  __start___llvm_prf_cnts       
20000000  __stop___llvm_prf_cnts        
00000689  _c_int00_noargs               
UNDEFED   _system_post_cinit            
000006e1  _system_pre_init              
000006e5  abort                         
ffffffff  binit                         
00000000  g_pfnVectors                  
0000038b  gpio_interrupt_init           
00000291  lab5                          
000006d7  main                          
00000541  memcpy                        
20000247  mydata                        
00000467  output_character              
000004c5  output_string                 
20000200  prompt                        
00000497  read_string                   
00000459  simple_read_character         
000002bb  uart_init                     
00000363  uart_interrupt_init           


GLOBAL SYMBOLS: SORTED BY Symbol Address 

address   name                          
-------   ----                          
00000000  __TI_static_base__            
00000000  g_pfnVectors                  
00000200  __STACK_SIZE                  
00000291  lab5                          
000002bb  uart_init                     
00000363  uart_interrupt_init           
0000038b  gpio_interrupt_init           
0000040f  UART0_Handler                 
00000437  Switch_Handler                
00000457  Timer_Handler                 
00000459  simple_read_character         
00000467  output_character              
00000497  read_string                   
000004c5  output_string                 
00000541  __aeabi_memcpy                
00000541  __aeabi_memcpy4               
00000541  __aeabi_memcpy8               
00000541  memcpy                        
000005dd  __TI_decompress_lzss          
00000645  __TI_auto_init_nobinit_nopinit
00000689  _c_int00_noargs               
000006bd  __TI_decompress_none          
000006cb  ResetISR                      
000006d7  main                          
000006e1  _system_pre_init              
000006e5  C$$EXIT                       
000006e5  abort                         
00000730  __TI_Handler_Table_Base       
00000738  __TI_CINIT_Base               
00000738  __TI_Handler_Table_Limit      
00000740  __TI_CINIT_Limit              
20000000  __stack                       
20000000  __start___llvm_prf_cnts       
20000000  __stop___llvm_prf_cnts        
20000200  __STACK_END                   
20000200  __STACK_TOP                   
20000200  prompt                        
20000247  mydata                        
ffffffff  __TI_pprof_out_hndl           
ffffffff  __TI_prof_data_size           
ffffffff  __TI_prof_data_start          
ffffffff  __binit__                     
ffffffff  __c_args__                    
ffffffff  binit                         
UNDEFED   __mpu_init                    
UNDEFED   _system_post_cinit            

[46 symbols]
