******************************************************************************
                  TI ARM Linker PC v18.12.8                    
******************************************************************************
>> Linked Thu Mar 16 12:33:53 2023

OUTPUT FILE NAME:   <Lab5.out>
ENTRY POINT SYMBOL: "_c_int00_noargs"  address: 000003ed


MEMORY CONFIGURATION

         name            origin    length      used     unused   attr    fill
----------------------  --------  ---------  --------  --------  ----  --------
  FLASH                 00000000   00040000  00000494  0003fb6c  R  X
  SRAM                  20000000   00008000  0000022d  00007dd3  RW X


SEGMENT ALLOCATION MAP

run origin  load origin   length   init length attrs members
----------  ----------- ---------- ----------- ----- -------
00000000    00000000    00000498   00000498    r-x
  00000000    00000000    0000026c   0000026c    r-- .intvecs
  0000026c    0000026c    000001e0   000001e0    r-x .text
  00000450    00000450    00000048   00000048    r-- .cinit
20000000    20000000    0000022d   00000000    rw-
  20000000    20000000    00000200   00000000    rw- .stack
  20000200    20000200    0000002d   00000000    rw- .data


SECTION ALLOCATION MAP

 output                                  attributes/
section   page    origin      length       input sections
--------  ----  ----------  ----------   ----------------
.intvecs   0    00000000    0000026c     
                  00000000    0000026c     tm4c123gh6pm_startup_ccs.obj (.intvecs)

.text      0    0000026c    000001e0     
                  0000026c    0000009c     rtsv7M4_T_le_v4SPD16_eabi.lib : memcpy_t2.asm.obj (.text)
                  00000308    00000068                                   : copy_decompress_lzss.c.obj (.text:decompress:lzss:__TI_decompress_lzss)
                  00000370    00000044                                   : autoinit.c.obj (.text:__TI_auto_init_nobinit_nopinit:__TI_auto_init_nobinit_nopinit)
                  000003b4    00000036     lab_5_library.obj (.text)
                  000003ea    00000002     --HOLE-- [fill = 0]
                  000003ec    00000034     rtsv7M4_T_le_v4SPD16_eabi.lib : boot_cortex_m.c.obj (.text:_c_int00_noargs:_c_int00_noargs)
                  00000420    0000000e                                   : copy_decompress_none.c.obj (.text:decompress:none:__TI_decompress_none)
                  0000042e    0000000c     tm4c123gh6pm_startup_ccs.obj (.text)
                  0000043a    0000000a     main.obj (.text)
                  00000444    00000004     rtsv7M4_T_le_v4SPD16_eabi.lib : pre_init.c.obj (.text:_system_pre_init)
                  00000448    00000004                                   : exit.c.obj (.text:abort:abort)

.cinit     0    00000450    00000048     
                  00000450    00000035     (.cinit..data.load) [load image]
                  00000485    00000003     --HOLE-- [fill = 0]
                  00000488    00000008     (__TI_handler_table)
                  00000490    00000008     (__TI_cinit_table)

.init_array 
*          0    00000000    00000000     UNINITIALIZED

.data      0    20000200    0000002d     UNINITIALIZED
                  20000200    0000002d     lab_5_library.obj (.data)

.stack     0    20000000    00000200     UNINITIALIZED
                  20000000    00000004     rtsv7M4_T_le_v4SPD16_eabi.lib : boot_cortex_m.c.obj (.stack)
                  20000004    000001fc     --HOLE--

MODULE SUMMARY

       Module                         code   ro data   rw data
       ------                         ----   -------   -------
    .\
       tm4c123gh6pm_startup_ccs.obj   12     620       0      
       lab_5_library.obj              54     0         45     
       main.obj                       10     0         0      
    +--+------------------------------+------+---------+---------+
       Total:                         76     620       45     
                                                              
    C:\ti\ccs930\ccs\tools\compiler\ti-cgt-arm_18.12.8.LTS\lib\rtsv7M4_T_le_v4SPD16_eabi.lib
       memcpy_t2.asm.obj              156    0         0      
       copy_decompress_lzss.c.obj     104    0         0      
       autoinit.c.obj                 68     0         0      
       boot_cortex_m.c.obj            52     0         0      
       copy_decompress_none.c.obj     14     0         0      
       exit.c.obj                     4      0         0      
       pre_init.c.obj                 4      0         0      
    +--+------------------------------+------+---------+---------+
       Total:                         402    0         0      
                                                              
       Stack:                         0      0         512    
       Linker Generated:              0      69        0      
    +--+------------------------------+------+---------+---------+
       Grand Total:                   478    689       557    


LINKER GENERATED COPY TABLES

__TI_cinit_table @ 00000490 records: 1, size/record: 8, table size: 8
	.data: load addr=00000450, load size=00000035 bytes, run addr=20000200, run size=0000002d bytes, compression=copy


LINKER GENERATED HANDLER TABLE

__TI_handler_table @ 00000488 records: 2, size/record: 4, table size: 8
	index: 0, handler: __TI_decompress_lzss
	index: 1, handler: __TI_decompress_none


GLOBAL SYMBOLS: SORTED ALPHABETICALLY BY Name 

address   name                          
-------   ----                          
00000449  C$$EXIT                       
0000042f  ResetISR                      
000003df  Switch_Handler                
000003e1  Timer_Handler                 
000003dd  UART0_Handler                 
20000200  __STACK_END                   
00000200  __STACK_SIZE                  
20000200  __STACK_TOP                   
00000490  __TI_CINIT_Base               
00000498  __TI_CINIT_Limit              
00000488  __TI_Handler_Table_Base       
00000490  __TI_Handler_Table_Limit      
00000371  __TI_auto_init_nobinit_nopinit
00000309  __TI_decompress_lzss          
00000421  __TI_decompress_none          
ffffffff  __TI_pprof_out_hndl           
ffffffff  __TI_prof_data_size           
ffffffff  __TI_prof_data_start          
00000000  __TI_static_base__            
0000026d  __aeabi_memcpy                
0000026d  __aeabi_memcpy4               
0000026d  __aeabi_memcpy8               
ffffffff  __binit__                     
ffffffff  __c_args__                    
UNDEFED   __mpu_init                    
20000000  __stack                       
000003ed  _c_int00_noargs               
UNDEFED   _system_post_cinit            
00000445  _system_pre_init              
00000449  abort                         
ffffffff  binit                         
00000000  g_pfnVectors                  
000003db  gpio_interrupt_init           
000003bd  lab5                          
0000043b  main                          
0000026d  memcpy                        
2000022c  mydata                        
000003e5  output_character              
000003e9  output_string                 
20000200  prompt                        
000003e7  read_string                   
000003e3  simple_read_character         
UNDEFED   uart_init                     
000003d9  uart_interrupt_init           


GLOBAL SYMBOLS: SORTED BY Symbol Address 

address   name                          
-------   ----                          
00000000  __TI_static_base__            
00000000  g_pfnVectors                  
00000200  __STACK_SIZE                  
0000026d  __aeabi_memcpy                
0000026d  __aeabi_memcpy4               
0000026d  __aeabi_memcpy8               
0000026d  memcpy                        
00000309  __TI_decompress_lzss          
00000371  __TI_auto_init_nobinit_nopinit
000003bd  lab5                          
000003d9  uart_interrupt_init           
000003db  gpio_interrupt_init           
000003dd  UART0_Handler                 
000003df  Switch_Handler                
000003e1  Timer_Handler                 
000003e3  simple_read_character         
000003e5  output_character              
000003e7  read_string                   
000003e9  output_string                 
000003ed  _c_int00_noargs               
00000421  __TI_decompress_none          
0000042f  ResetISR                      
0000043b  main                          
00000445  _system_pre_init              
00000449  C$$EXIT                       
00000449  abort                         
00000488  __TI_Handler_Table_Base       
00000490  __TI_CINIT_Base               
00000490  __TI_Handler_Table_Limit      
00000498  __TI_CINIT_Limit              
20000000  __stack                       
20000200  __STACK_END                   
20000200  __STACK_TOP                   
20000200  prompt                        
2000022c  mydata                        
ffffffff  __TI_pprof_out_hndl           
ffffffff  __TI_prof_data_size           
ffffffff  __TI_prof_data_start          
ffffffff  __binit__                     
ffffffff  __c_args__                    
ffffffff  binit                         
UNDEFED   __mpu_init                    
UNDEFED   _system_post_cinit            
UNDEFED   uart_init                     

[44 symbols]
