******************************************************************************
                  TI ARM Linker PC v20.2.7                     
******************************************************************************
>> Linked Tue Mar 28 00:20:33 2023

OUTPUT FILE NAME:   <Lab5.out>
ENTRY POINT SYMBOL: "_c_int00_noargs"  address: 000005e9


MEMORY CONFIGURATION

         name            origin    length      used     unused   attr    fill
----------------------  --------  ---------  --------  --------  ----  --------
  FLASH                 00000000   00040000  00000690  0003f970  R  X
  SRAM                  20000000   00008000  00000235  00007dcb  RW X


SEGMENT ALLOCATION MAP

run origin  load origin   length   init length attrs members
----------  ----------- ---------- ----------- ----- -------
00000000    00000000    00000690   00000690    r-x
  00000000    00000000    0000026c   0000026c    r-- .intvecs
  0000026c    0000026c    000003dc   000003dc    r-x .text
  00000648    00000648    00000048   00000048    r-- .cinit
20000000    20000000    00000235   00000000    rw-
  20000000    20000000    00000200   00000000    rw- .stack
  20000200    20000200    00000035   00000000    rw- .data


SECTION ALLOCATION MAP

 output                                  attributes/
section   page    origin      length       input sections
--------  ----  ----------  ----------   ----------------
.intvecs   0    00000000    0000026c     
                  00000000    0000026c     tm4c123gh6pm_startup_ccs.obj (.intvecs)

.text      0    0000026c    000003dc     
                  0000026c    00000234     lab_5_library.obj (.text)
                  000004a0    0000009c     rtsv7M4_T_le_v4SPD16_eabi.lib : memcpy_t2.asm.obj (.text)
                  0000053c    00000068                                   : copy_decompress_lzss.c.obj (.text:decompress:lzss:__TI_decompress_lzss)
                  000005a4    00000044                                   : autoinit.c.obj (.text:__TI_auto_init_nobinit_nopinit:__TI_auto_init_nobinit_nopinit)
                  000005e8    00000034                                   : boot_cortex_m.c.obj (.text:_c_int00_noargs:_c_int00_noargs)
                  0000061c    0000000e                                   : copy_decompress_none.c.obj (.text:decompress:none:__TI_decompress_none)
                  0000062a    0000000c     tm4c123gh6pm_startup_ccs.obj (.text)
                  00000636    0000000a     main.obj (.text)
                  00000640    00000004     rtsv7M4_T_le_v4SPD16_eabi.lib : pre_init.c.obj (.text:_system_pre_init)
                  00000644    00000004                                   : exit.c.obj (.text:abort:abort)

.cinit     0    00000648    00000048     
                  00000648    00000038     (.cinit..data.load) [load image, compression = lzss]
                  00000680    00000008     (__TI_handler_table)
                  00000688    00000008     (__TI_cinit_table)

.init_array 
*          0    00000000    00000000     UNINITIALIZED

.data      0    20000200    00000035     UNINITIALIZED
                  20000200    00000035     lab_5_library.obj (.data)

.stack     0    20000000    00000200     UNINITIALIZED
                  20000000    00000004     rtsv7M4_T_le_v4SPD16_eabi.lib : boot_cortex_m.c.obj (.stack)
                  20000004    000001fc     --HOLE--

__llvm_prf_cnts 
*          0    20000000    00000000     UNINITIALIZED

MODULE SUMMARY

       Module                         code   ro data   rw data
       ------                         ----   -------   -------
    .\
       tm4c123gh6pm_startup_ccs.obj   12     620       0      
       lab_5_library.obj              564    0         53     
       main.obj                       10     0         0      
    +--+------------------------------+------+---------+---------+
       Total:                         586    620       53     
                                                              
    D:\Program Files\ccs\tools\compiler\ti-cgt-arm_20.2.7.LTS\lib\rtsv7M4_T_le_v4SPD16_eabi.lib
       memcpy_t2.asm.obj              156    0         0      
       copy_decompress_lzss.c.obj     104    0         0      
       autoinit.c.obj                 68     0         0      
       boot_cortex_m.c.obj            52     0         0      
       copy_decompress_none.c.obj     14     0         0      
       exit.c.obj                     4      0         0      
       pre_init.c.obj                 4      0         0      
    +--+------------------------------+------+---------+---------+
       Total:                         402    0         0      
                                                              
       Stack:                         0      0         512    
       Linker Generated:              0      72        0      
    +--+------------------------------+------+---------+---------+
       Grand Total:                   988    692       565    


LINKER GENERATED COPY TABLES

__TI_cinit_table @ 00000688 records: 1, size/record: 8, table size: 8
	.data: load addr=00000648, load size=00000038 bytes, run addr=20000200, run size=00000035 bytes, compression=lzss


LINKER GENERATED HANDLER TABLE

__TI_handler_table @ 00000680 records: 2, size/record: 4, table size: 8
	index: 0, handler: __TI_decompress_lzss
	index: 1, handler: __TI_decompress_none


GLOBAL SYMBOLS: SORTED ALPHABETICALLY BY Name 

address   name                          
-------   ----                          
00000645  C$$EXIT                       
0000062b  ResetISR                      
000003e5  Switch_Handler                
000003f7  Timer_Handler                 
000003d1  UART0_Handler                 
20000200  __STACK_END                   
00000200  __STACK_SIZE                  
20000200  __STACK_TOP                   
00000688  __TI_CINIT_Base               
00000690  __TI_CINIT_Limit              
00000680  __TI_Handler_Table_Base       
00000688  __TI_Handler_Table_Limit      
000005a5  __TI_auto_init_nobinit_nopinit
0000053d  __TI_decompress_lzss          
0000061d  __TI_decompress_none          
ffffffff  __TI_pprof_out_hndl           
ffffffff  __TI_prof_data_size           
ffffffff  __TI_prof_data_start          
00000000  __TI_static_base__            
000004a1  __aeabi_memcpy                
000004a1  __aeabi_memcpy4               
000004a1  __aeabi_memcpy8               
ffffffff  __binit__                     
ffffffff  __c_args__                    
UNDEFED   __mpu_init                    
20000000  __stack                       
20000000  __start___llvm_prf_cnts       
20000000  __stop___llvm_prf_cnts        
000005e9  _c_int00_noargs               
UNDEFED   _system_post_cinit            
00000641  _system_pre_init              
00000645  abort                         
ffffffff  binit                         
00000000  g_pfnVectors                  
0000034f  gpio_interrupt_init           
0000028d  lab5                          
00000637  main                          
000004a1  memcpy                        
20000234  mydata                        
00000407  output_character              
0000044d  output_string                 
20000200  prompt                        
0000041f  read_string                   
000003f9  simple_read_character         
000002b1  uart_init                     
00000327  uart_interrupt_init           


GLOBAL SYMBOLS: SORTED BY Symbol Address 

address   name                          
-------   ----                          
00000000  __TI_static_base__            
00000000  g_pfnVectors                  
00000200  __STACK_SIZE                  
0000028d  lab5                          
000002b1  uart_init                     
00000327  uart_interrupt_init           
0000034f  gpio_interrupt_init           
000003d1  UART0_Handler                 
000003e5  Switch_Handler                
000003f7  Timer_Handler                 
000003f9  simple_read_character         
00000407  output_character              
0000041f  read_string                   
0000044d  output_string                 
000004a1  __aeabi_memcpy                
000004a1  __aeabi_memcpy4               
000004a1  __aeabi_memcpy8               
000004a1  memcpy                        
0000053d  __TI_decompress_lzss          
000005a5  __TI_auto_init_nobinit_nopinit
000005e9  _c_int00_noargs               
0000061d  __TI_decompress_none          
0000062b  ResetISR                      
00000637  main                          
00000641  _system_pre_init              
00000645  C$$EXIT                       
00000645  abort                         
00000680  __TI_Handler_Table_Base       
00000688  __TI_CINIT_Base               
00000688  __TI_Handler_Table_Limit      
00000690  __TI_CINIT_Limit              
20000000  __stack                       
20000000  __start___llvm_prf_cnts       
20000000  __stop___llvm_prf_cnts        
20000200  __STACK_END                   
20000200  __STACK_TOP                   
20000200  prompt                        
20000234  mydata                        
ffffffff  __TI_pprof_out_hndl           
ffffffff  __TI_prof_data_size           
ffffffff  __TI_prof_data_start          
ffffffff  __binit__                     
ffffffff  __c_args__                    
ffffffff  binit                         
UNDEFED   __mpu_init                    
UNDEFED   _system_post_cinit            

[46 symbols]
