******************************************************************************
                  TI ARM Linker PC v20.2.7                     
******************************************************************************
>> Linked Mon Mar 27 23:37:19 2023

OUTPUT FILE NAME:   <Lab5.out>
ENTRY POINT SYMBOL: "_c_int00_noargs"  address: 000005ad


MEMORY CONFIGURATION

         name            origin    length      used     unused   attr    fill
----------------------  --------  ---------  --------  --------  ----  --------
  FLASH                 00000000   00040000  00000654  0003f9ac  R  X
  SRAM                  20000000   00008000  0000022d  00007dd3  RW X


SEGMENT ALLOCATION MAP

run origin  load origin   length   init length attrs members
----------  ----------- ---------- ----------- ----- -------
00000000    00000000    00000658   00000658    r-x
  00000000    00000000    0000026c   0000026c    r-- .intvecs
  0000026c    0000026c    000003a0   000003a0    r-x .text
  00000610    00000610    00000048   00000048    r-- .cinit
20000000    20000000    0000022d   00000000    rw-
  20000000    20000000    00000200   00000000    rw- .stack
  20000200    20000200    0000002d   00000000    rw- .data


SECTION ALLOCATION MAP

 output                                  attributes/
section   page    origin      length       input sections
--------  ----  ----------  ----------   ----------------
.intvecs   0    00000000    0000026c     
                  00000000    0000026c     tm4c123gh6pm_startup_ccs.obj (.intvecs)

.text      0    0000026c    000003a0     
                  0000026c    000001f6     lab_5_library.obj (.text)
                  00000462    0000009c     rtsv7M4_T_le_v4SPD16_eabi.lib : memcpy_t2.asm.obj (.text)
                  000004fe    00000068                                   : copy_decompress_lzss.c.obj (.text:decompress:lzss:__TI_decompress_lzss)
                  00000566    00000002     --HOLE-- [fill = 0]
                  00000568    00000044                                   : autoinit.c.obj (.text:__TI_auto_init_nobinit_nopinit:__TI_auto_init_nobinit_nopinit)
                  000005ac    00000034                                   : boot_cortex_m.c.obj (.text:_c_int00_noargs:_c_int00_noargs)
                  000005e0    0000000e                                   : copy_decompress_none.c.obj (.text:decompress:none:__TI_decompress_none)
                  000005ee    0000000c     tm4c123gh6pm_startup_ccs.obj (.text)
                  000005fa    0000000a     main.obj (.text)
                  00000604    00000004     rtsv7M4_T_le_v4SPD16_eabi.lib : pre_init.c.obj (.text:_system_pre_init)
                  00000608    00000004                                   : exit.c.obj (.text:abort:abort)

.cinit     0    00000610    00000048     
                  00000610    00000035     (.cinit..data.load) [load image]
                  00000645    00000003     --HOLE-- [fill = 0]
                  00000648    00000008     (__TI_handler_table)
                  00000650    00000008     (__TI_cinit_table)

.init_array 
*          0    00000000    00000000     UNINITIALIZED

.data      0    20000200    0000002d     UNINITIALIZED
                  20000200    0000002d     lab_5_library.obj (.data)

.stack     0    20000000    00000200     UNINITIALIZED
                  20000000    00000004     rtsv7M4_T_le_v4SPD16_eabi.lib : boot_cortex_m.c.obj (.stack)
                  20000004    000001fc     --HOLE--

__llvm_prf_cnts 
*          0    20000000    00000000     UNINITIALIZED

MODULE SUMMARY

       Module                         code   ro data   rw data
       ------                         ----   -------   -------
    .\
       tm4c123gh6pm_startup_ccs.obj   12     620       0      
       lab_5_library.obj              502    0         45     
       main.obj                       10     0         0      
    +--+------------------------------+------+---------+---------+
       Total:                         524    620       45     
                                                              
    D:\Program Files\ccs\tools\compiler\ti-cgt-arm_20.2.7.LTS\lib\rtsv7M4_T_le_v4SPD16_eabi.lib
       memcpy_t2.asm.obj              156    0         0      
       copy_decompress_lzss.c.obj     104    0         0      
       autoinit.c.obj                 68     0         0      
       boot_cortex_m.c.obj            52     0         0      
       copy_decompress_none.c.obj     14     0         0      
       exit.c.obj                     4      0         0      
       pre_init.c.obj                 4      0         0      
    +--+------------------------------+------+---------+---------+
       Total:                         402    0         0      
                                                              
       Stack:                         0      0         512    
       Linker Generated:              0      69        0      
    +--+------------------------------+------+---------+---------+
       Grand Total:                   926    689       557    


LINKER GENERATED COPY TABLES

__TI_cinit_table @ 00000650 records: 1, size/record: 8, table size: 8
	.data: load addr=00000610, load size=00000035 bytes, run addr=20000200, run size=0000002d bytes, compression=copy


LINKER GENERATED HANDLER TABLE

__TI_handler_table @ 00000648 records: 2, size/record: 4, table size: 8
	index: 0, handler: __TI_decompress_lzss
	index: 1, handler: __TI_decompress_none


GLOBAL SYMBOLS: SORTED ALPHABETICALLY BY Name 

address   name                          
-------   ----                          
00000609  C$$EXIT                       
000005ef  ResetISR                      
000003db  Switch_Handler                
000003ed  Timer_Handler                 
000003c9  UART0_Handler                 
20000200  __STACK_END                   
00000200  __STACK_SIZE                  
20000200  __STACK_TOP                   
00000650  __TI_CINIT_Base               
00000658  __TI_CINIT_Limit              
00000648  __TI_Handler_Table_Base       
00000650  __TI_Handler_Table_Limit      
00000569  __TI_auto_init_nobinit_nopinit
000004ff  __TI_decompress_lzss          
000005e1  __TI_decompress_none          
ffffffff  __TI_pprof_out_hndl           
ffffffff  __TI_prof_data_size           
ffffffff  __TI_prof_data_start          
00000000  __TI_static_base__            
00000463  __aeabi_memcpy                
00000463  __aeabi_memcpy4               
00000463  __aeabi_memcpy8               
ffffffff  __binit__                     
ffffffff  __c_args__                    
UNDEFED   __mpu_init                    
20000000  __stack                       
20000000  __start___llvm_prf_cnts       
20000000  __stop___llvm_prf_cnts        
000005ad  _c_int00_noargs               
UNDEFED   _system_post_cinit            
00000605  _system_pre_init              
00000609  abort                         
ffffffff  binit                         
00000000  g_pfnVectors                  
00000347  gpio_interrupt_init           
0000028d  lab5                          
000005fb  main                          
00000463  memcpy                        
2000022c  mydata                        
000003fd  output_character              
00000443  output_string                 
20000200  prompt                        
00000415  read_string                   
000003ef  simple_read_character         
000002a9  uart_init                     
0000031f  uart_interrupt_init           


GLOBAL SYMBOLS: SORTED BY Symbol Address 

address   name                          
-------   ----                          
00000000  __TI_static_base__            
00000000  g_pfnVectors                  
00000200  __STACK_SIZE                  
0000028d  lab5                          
000002a9  uart_init                     
0000031f  uart_interrupt_init           
00000347  gpio_interrupt_init           
000003c9  UART0_Handler                 
000003db  Switch_Handler                
000003ed  Timer_Handler                 
000003ef  simple_read_character         
000003fd  output_character              
00000415  read_string                   
00000443  output_string                 
00000463  __aeabi_memcpy                
00000463  __aeabi_memcpy4               
00000463  __aeabi_memcpy8               
00000463  memcpy                        
000004ff  __TI_decompress_lzss          
00000569  __TI_auto_init_nobinit_nopinit
000005ad  _c_int00_noargs               
000005e1  __TI_decompress_none          
000005ef  ResetISR                      
000005fb  main                          
00000605  _system_pre_init              
00000609  C$$EXIT                       
00000609  abort                         
00000648  __TI_Handler_Table_Base       
00000650  __TI_CINIT_Base               
00000650  __TI_Handler_Table_Limit      
00000658  __TI_CINIT_Limit              
20000000  __stack                       
20000000  __start___llvm_prf_cnts       
20000000  __stop___llvm_prf_cnts        
20000200  __STACK_END                   
20000200  __STACK_TOP                   
20000200  prompt                        
2000022c  mydata                        
ffffffff  __TI_pprof_out_hndl           
ffffffff  __TI_prof_data_size           
ffffffff  __TI_prof_data_start          
ffffffff  __binit__                     
ffffffff  __c_args__                    
ffffffff  binit                         
UNDEFED   __mpu_init                    
UNDEFED   _system_post_cinit            

[46 symbols]
