******************************************************************************
                  TI ARM Linker PC v20.2.7                     
******************************************************************************
>> Linked Thu Apr 20 21:02:39 2023

OUTPUT FILE NAME:   <Game.out>
ENTRY POINT SYMBOL: "_c_int00_noinit_noargs"  address: 000014f1


MEMORY CONFIGURATION

         name            origin    length      used     unused   attr    fill
----------------------  --------  ---------  --------  --------  ----  --------
  FLASH                 00000000   00040000  00001566  0003ea9a  R  X
  SRAM                  20000000   00008000  00000200  00007e00  RW X


SEGMENT ALLOCATION MAP

run origin  load origin   length   init length attrs members
----------  ----------- ---------- ----------- ----- -------
00000000    00000000    00001566   00001566    r-x
  00000000    00000000    0000026c   0000026c    r-- .intvecs
  0000026c    0000026c    000012fa   000012fa    r-x .text
20000000    20000000    00000200   00000000    rw-
  20000000    20000000    00000200   00000000    rw- .stack


SECTION ALLOCATION MAP

 output                                  attributes/
section   page    origin      length       input sections
--------  ----  ----------  ----------   ----------------
.intvecs   0    00000000    0000026c     
                  00000000    0000026c     tm4c123gh6pm_startup_ccs.obj (.intvecs)

.text      0    0000026c    000012fa     
                  0000026c    0000085c     game_printer_and_sub.obj (.text)
                  00000ac8    000006c4     game_physics_engine.obj (.text)
                  0000118c    00000260     game_init_library.obj (.text)
                  000013ec    00000102     game_handler_library.obj (.text)
                  000014ee    00000002     --HOLE-- [fill = 0]
                  000014f0    0000002c     rtsv7M4_T_le_v4SPD16_eabi.lib : boot_cortex_m.c.obj (.text:_c_int00_noinit_noargs:_c_int00_noinit_noargs)
                  0000151c    0000002c     game.obj (.text)
                  00001548    0000000c     tm4c123gh6pm_startup_ccs.obj (.text)
                  00001554    0000000a     main.obj (.text)
                  0000155e    00000004     rtsv7M4_T_le_v4SPD16_eabi.lib : pre_init.c.obj (.text:_system_pre_init)
                  00001562    00000004                                   : exit.c.obj (.text:abort:abort)

.cinit     0    00000000    00000000     UNINITIALIZED

.init_array 
*          0    00000000    00000000     UNINITIALIZED

.stack     0    20000000    00000200     UNINITIALIZED
                  20000000    00000004     rtsv7M4_T_le_v4SPD16_eabi.lib : boot_cortex_m.c.obj (.stack)
                  20000004    000001fc     --HOLE--

__llvm_prf_cnts 
*          0    20000000    00000000     UNINITIALIZED

MODULE SUMMARY

       Module                         code   ro data   rw data
       ------                         ----   -------   -------
    .\
       game_printer_and_sub.obj       2140   0         0      
       game_physics_engine.obj        1732   0         0      
       tm4c123gh6pm_startup_ccs.obj   12     620       0      
       game_init_library.obj          608    0         0      
       game_handler_library.obj       258    0         0      
       game.obj                       44     0         0      
       main.obj                       10     0         0      
    +--+------------------------------+------+---------+---------+
       Total:                         4804   620       0      
                                                              
    D:\Program Files\ccs\tools\compiler\ti-cgt-arm_20.2.7.LTS\lib\rtsv7M4_T_le_v4SPD16_eabi.lib
       boot_cortex_m.c.obj            44     0         0      
       exit.c.obj                     4      0         0      
       pre_init.c.obj                 4      0         0      
    +--+------------------------------+------+---------+---------+
       Total:                         52     0         0      
                                                              
       Stack:                         0      0         512    
    +--+------------------------------+------+---------+---------+
       Grand Total:                   4856   620       512    


GLOBAL SYMBOLS: SORTED ALPHABETICALLY BY Name 

address   name                   
-------   ----                   
00001563  C$$EXIT                
000014c1  DisableT               
000014d9  EnableT                
00001321  Four_BUTTON_init       
000012f1  Four_LED_init          
00001351  RGB_LIGHT_init         
00001549  ResetISR               
0000144d  Switch_Handler         
0000149b  Timer_Handler          
0000140d  UART0_Handler          
20000200  __STACK_END            
00000200  __STACK_SIZE           
20000200  __STACK_TOP            
ffffffff  __TI_pprof_out_hndl    
ffffffff  __TI_prof_data_size    
ffffffff  __TI_prof_data_start   
00000000  __TI_static_base__     
ffffffff  __binit__              
ffffffff  __c_args__             
UNDEFED   __mpu_init             
20000000  __stack                
20000000  __start___llvm_prf_cnts
20000000  __stop___llvm_prf_cnts 
000014f1  _c_int00_noinit_noargs 
0000155f  _system_pre_init       
00001563  abort                  
000005f0  ballcolor              
ffffffff  binit                  
00000ac8  blocksrow2             
00000acf  blocksrow3             
00000ad6  blocksrow4             
00000add  blocksrow5             
00000c29  checkermanager         
00000a1f  clr_page               
00000aea  cordinatesNext         
00000ae8  cordinatesNow          
00001145  decode                 
00001161  decodeBlock            
00001153  encode                 
0000116f  encodeBlock            
00000000  g_pfnVectors           
00001549  game                   
0000151e  gamelevel              
00000715  gameprinter            
00001271  gpio_interrupt_init    
00000a3f  int2string             
00001549  lifelost               
00001555  main                   
00000a2b  new_line               
000009ef  output_character       
00000a03  output_string          
00000b67  paddle                 
00000aec  paddleX                
00000b2d  phsyics                
0000151c  score                  
00000289  scorestr               
000014b3  simple_read_character  
00001521  start                  
000008ef  start_printer          
00001381  timer_interrupt_init   
000011a9  uart_init              
0000124d  uart_interrupt_init    


GLOBAL SYMBOLS: SORTED BY Symbol Address 

address   name                   
-------   ----                   
00000000  __TI_static_base__     
00000000  g_pfnVectors           
00000200  __STACK_SIZE           
00000289  scorestr               
000005f0  ballcolor              
00000715  gameprinter            
000008ef  start_printer          
000009ef  output_character       
00000a03  output_string          
00000a1f  clr_page               
00000a2b  new_line               
00000a3f  int2string             
00000ac8  blocksrow2             
00000acf  blocksrow3             
00000ad6  blocksrow4             
00000add  blocksrow5             
00000ae8  cordinatesNow          
00000aea  cordinatesNext         
00000aec  paddleX                
00000b2d  phsyics                
00000b67  paddle                 
00000c29  checkermanager         
00001145  decode                 
00001153  encode                 
00001161  decodeBlock            
0000116f  encodeBlock            
000011a9  uart_init              
0000124d  uart_interrupt_init    
00001271  gpio_interrupt_init    
000012f1  Four_LED_init          
00001321  Four_BUTTON_init       
00001351  RGB_LIGHT_init         
00001381  timer_interrupt_init   
0000140d  UART0_Handler          
0000144d  Switch_Handler         
0000149b  Timer_Handler          
000014b3  simple_read_character  
000014c1  DisableT               
000014d9  EnableT                
000014f1  _c_int00_noinit_noargs 
0000151c  score                  
0000151e  gamelevel              
00001521  start                  
00001549  ResetISR               
00001549  game                   
00001549  lifelost               
00001555  main                   
0000155f  _system_pre_init       
00001563  C$$EXIT                
00001563  abort                  
20000000  __stack                
20000000  __start___llvm_prf_cnts
20000000  __stop___llvm_prf_cnts 
20000200  __STACK_END            
20000200  __STACK_TOP            
ffffffff  __TI_pprof_out_hndl    
ffffffff  __TI_prof_data_size    
ffffffff  __TI_prof_data_start   
ffffffff  __binit__              
ffffffff  __c_args__             
ffffffff  binit                  
UNDEFED   __mpu_init             

[62 symbols]
