******************************************************************************
                  TI ARM Linker PC v20.2.7                     
******************************************************************************
>> Linked Wed Apr 12 23:53:59 2023

OUTPUT FILE NAME:   <Game.out>
ENTRY POINT SYMBOL: "_c_int00_noinit_noargs"  address: 00000fad


MEMORY CONFIGURATION

         name            origin    length      used     unused   attr    fill
----------------------  --------  ---------  --------  --------  ----  --------
  FLASH                 00000000   00040000  00001022  0003efde  R  X
  SRAM                  20000000   00008000  00000200  00007e00  RW X


SEGMENT ALLOCATION MAP

run origin  load origin   length   init length attrs members
----------  ----------- ---------- ----------- ----- -------
00000000    00000000    00001022   00001022    r-x
  00000000    00000000    0000026c   0000026c    r-- .intvecs
  0000026c    0000026c    00000db6   00000db6    r-x .text
20000000    20000000    00000200   00000000    rw-
  20000000    20000000    00000200   00000000    rw- .stack


SECTION ALLOCATION MAP

 output                                  attributes/
section   page    origin      length       input sections
--------  ----  ----------  ----------   ----------------
.intvecs   0    00000000    0000026c     
                  00000000    0000026c     tm4c123gh6pm_startup_ccs.obj (.intvecs)

.text      0    0000026c    00000db6     
                  0000026c    00000656     game_printer_and_sub.obj (.text)
                  000008c2    00000002     --HOLE-- [fill = 0]
                  000008c4    00000366     game_physics_engine.obj (.text)
                  00000c2a    00000002     --HOLE-- [fill = 0]
                  00000c2c    0000027c     game_init_library.obj (.text)
                  00000ea8    00000102     game_handler_library.obj (.text)
                  00000faa    00000002     --HOLE-- [fill = 0]
                  00000fac    0000002c     rtsv7M4_T_le_v4SPD16_eabi.lib : boot_cortex_m.c.obj (.text:_c_int00_noinit_noargs:_c_int00_noinit_noargs)
                  00000fd8    0000002c     game.obj (.text)
                  00001004    0000000c     tm4c123gh6pm_startup_ccs.obj (.text)
                  00001010    0000000a     main.obj (.text)
                  0000101a    00000004     rtsv7M4_T_le_v4SPD16_eabi.lib : pre_init.c.obj (.text:_system_pre_init)
                  0000101e    00000004                                   : exit.c.obj (.text:abort:abort)

.cinit     0    00000000    00000000     UNINITIALIZED

.init_array 
*          0    00000000    00000000     UNINITIALIZED

.stack     0    20000000    00000200     UNINITIALIZED
                  20000000    00000004     rtsv7M4_T_le_v4SPD16_eabi.lib : boot_cortex_m.c.obj (.stack)
                  20000004    000001fc     --HOLE--

__llvm_prf_cnts 
*          0    20000000    00000000     UNINITIALIZED

MODULE SUMMARY

       Module                         code   ro data   rw data
       ------                         ----   -------   -------
    .\
       game_printer_and_sub.obj       1622   0         0      
       game_physics_engine.obj        870    0         0      
       game_init_library.obj          636    0         0      
       tm4c123gh6pm_startup_ccs.obj   12     620       0      
       game_handler_library.obj       258    0         0      
       game.obj                       44     0         0      
       main.obj                       10     0         0      
    +--+------------------------------+------+---------+---------+
       Total:                         3452   620       0      
                                                              
    D:\Program Files\ccs\tools\compiler\ti-cgt-arm_20.2.7.LTS\lib\rtsv7M4_T_le_v4SPD16_eabi.lib
       boot_cortex_m.c.obj            44     0         0      
       exit.c.obj                     4      0         0      
       pre_init.c.obj                 4      0         0      
    +--+------------------------------+------+---------+---------+
       Total:                         52     0         0      
                                                              
       Stack:                         0      0         512    
    +--+------------------------------+------+---------+---------+
       Grand Total:                   3504   620       512    


GLOBAL SYMBOLS: SORTED ALPHABETICALLY BY Name 

address   name                   
-------   ----                   
0000101f  C$$EXIT                
00000f7d  DisableT               
00000f95  EnableT                
00000dd1  Four_BUTTON_init       
00000d9d  Four_LED_init          
00000e05  RGB_LIGHT_init         
00001005  ResetISR               
00000f09  Switch_Handler         
00000f57  Timer_Handler          
00000ec9  UART0_Handler          
20000200  __STACK_END            
00000200  __STACK_SIZE           
20000200  __STACK_TOP            
ffffffff  __TI_pprof_out_hndl    
ffffffff  __TI_prof_data_size    
ffffffff  __TI_prof_data_start   
00000000  __TI_static_base__     
ffffffff  __binit__              
ffffffff  __c_args__             
UNDEFED   __mpu_init             
20000000  __stack                
20000000  __start___llvm_prf_cnts
20000000  __stop___llvm_prf_cnts 
00000fad  _c_int00_noinit_noargs 
0000101b  _system_pre_init       
0000101f  abort                  
0000026c  ballcolor              
ffffffff  binit                  
00000a25  checkermanager         
0000080d  clr_page               
00000be3  decode                 
00000bff  decodeBlock            
00000bf1  encode                 
00000c0d  encodeBlock            
00000000  g_pfnVectors           
00001005  game                   
00000fda  gamelevel              
00000d19  gpio_interrupt_init    
00000835  int2string             
00001005  lifelost               
00001011  main                   
0000081d  new_line               
000007d5  output_character       
000007ed  output_string          
00000963  paddle                 
000008e8  paddleX                
00000929  phsyics                
000006e9  printer                
00000fd8  score                  
0000026d  scorestr               
00000f6f  simple_read_character  
00000fdd  start                  
000006ef  start_printer          
00000e39  timer_interrupt_init   
00000c49  uart_init              
00000cf1  uart_interrupt_init    


GLOBAL SYMBOLS: SORTED BY Symbol Address 

address   name                   
-------   ----                   
00000000  __TI_static_base__     
00000000  g_pfnVectors           
00000200  __STACK_SIZE           
0000026c  ballcolor              
0000026d  scorestr               
000006e9  printer                
000006ef  start_printer          
000007d5  output_character       
000007ed  output_string          
0000080d  clr_page               
0000081d  new_line               
00000835  int2string             
000008e8  paddleX                
00000929  phsyics                
00000963  paddle                 
00000a25  checkermanager         
00000be3  decode                 
00000bf1  encode                 
00000bff  decodeBlock            
00000c0d  encodeBlock            
00000c49  uart_init              
00000cf1  uart_interrupt_init    
00000d19  gpio_interrupt_init    
00000d9d  Four_LED_init          
00000dd1  Four_BUTTON_init       
00000e05  RGB_LIGHT_init         
00000e39  timer_interrupt_init   
00000ec9  UART0_Handler          
00000f09  Switch_Handler         
00000f57  Timer_Handler          
00000f6f  simple_read_character  
00000f7d  DisableT               
00000f95  EnableT                
00000fad  _c_int00_noinit_noargs 
00000fd8  score                  
00000fda  gamelevel              
00000fdd  start                  
00001005  ResetISR               
00001005  game                   
00001005  lifelost               
00001011  main                   
0000101b  _system_pre_init       
0000101f  C$$EXIT                
0000101f  abort                  
20000000  __stack                
20000000  __start___llvm_prf_cnts
20000000  __stop___llvm_prf_cnts 
20000200  __STACK_END            
20000200  __STACK_TOP            
ffffffff  __TI_pprof_out_hndl    
ffffffff  __TI_prof_data_size    
ffffffff  __TI_prof_data_start   
ffffffff  __binit__              
ffffffff  __c_args__             
ffffffff  binit                  
UNDEFED   __mpu_init             

[56 symbols]
