******************************************************************************
                  TI ARM Linker PC v20.2.7                     
******************************************************************************
>> Linked Tue Apr 25 12:09:17 2023

OUTPUT FILE NAME:   <Game.out>
ENTRY POINT SYMBOL: "_c_int00_noinit_noargs"  address: 00001655


MEMORY CONFIGURATION

         name            origin    length      used     unused   attr    fill
----------------------  --------  ---------  --------  --------  ----  --------
  FLASH                 00000000   00040000  0000169e  0003e962  R  X
  SRAM                  20000000   00008000  00000200  00007e00  RW X


SEGMENT ALLOCATION MAP

run origin  load origin   length   init length attrs members
----------  ----------- ---------- ----------- ----- -------
00000000    00000000    0000169e   0000169e    r-x
  00000000    00000000    0000026c   0000026c    r-- .intvecs
  0000026c    0000026c    00001432   00001432    r-x .text
20000000    20000000    00000200   00000000    rw-
  20000000    20000000    00000200   00000000    rw- .stack


SECTION ALLOCATION MAP

 output                                  attributes/
section   page    origin      length       input sections
--------  ----  ----------  ----------   ----------------
.intvecs   0    00000000    0000026c     
                  00000000    0000026c     tm4c123gh6pm_startup_ccs.obj (.intvecs)

.text      0    0000026c    00001432     
                  0000026c    0000095e     game_printer_and_sub.obj (.text)
                  00000bca    00000002     --HOLE-- [fill = 0]
                  00000bcc    000006c8     game_physics_engine.obj (.text)
                  00001294    00000260     game_init_library.obj (.text)
                  000014f4    0000010e     game_handler_library.obj (.text)
                  00001602    00000002     --HOLE-- [fill = 0]
                  00001604    00000050     game.obj (.text)
                  00001654    0000002c     rtsv7M4_T_le_v4SPD16_eabi.lib : boot_cortex_m.c.obj (.text:_c_int00_noinit_noargs:_c_int00_noinit_noargs)
                  00001680    0000000c     tm4c123gh6pm_startup_ccs.obj (.text)
                  0000168c    0000000a     main.obj (.text)
                  00001696    00000004     rtsv7M4_T_le_v4SPD16_eabi.lib : pre_init.c.obj (.text:_system_pre_init)
                  0000169a    00000004                                   : exit.c.obj (.text:abort:abort)

.cinit     0    00000000    00000000     UNINITIALIZED

.init_array 
*          0    00000000    00000000     UNINITIALIZED

.stack     0    20000000    00000200     UNINITIALIZED
                  20000000    00000004     rtsv7M4_T_le_v4SPD16_eabi.lib : boot_cortex_m.c.obj (.stack)
                  20000004    000001fc     --HOLE--

__llvm_prf_cnts 
*          0    20000000    00000000     UNINITIALIZED

MODULE SUMMARY

       Module                         code   ro data   rw data
       ------                         ----   -------   -------
    .\
       game_printer_and_sub.obj       2398   0         0      
       game_physics_engine.obj        1736   0         0      
       tm4c123gh6pm_startup_ccs.obj   12     620       0      
       game_init_library.obj          608    0         0      
       game_handler_library.obj       270    0         0      
       game.obj                       80     0         0      
       main.obj                       10     0         0      
    +--+------------------------------+------+---------+---------+
       Total:                         5114   620       0      
                                                              
    D:\Program Files\ccs\tools\compiler\ti-cgt-arm_20.2.7.LTS\lib\rtsv7M4_T_le_v4SPD16_eabi.lib
       boot_cortex_m.c.obj            44     0         0      
       exit.c.obj                     4      0         0      
       pre_init.c.obj                 4      0         0      
    +--+------------------------------+------+---------+---------+
       Total:                         52     0         0      
                                                              
       Stack:                         0      0         512    
    +--+------------------------------+------+---------+---------+
       Grand Total:                   5166   620       512    


GLOBAL SYMBOLS: SORTED ALPHABETICALLY BY Name 

address   name                   
-------   ----                   
0000169b  C$$EXIT                
000015d7  DisableT               
000015ef  EnableT                
00001429  Four_BUTTON_init       
000013f9  Four_LED_init          
00001459  RGB_LIGHT_init         
00001681  ResetISR               
0000155f  Switch_Handler         
000015ad  Timer_Handler          
00001515  UART0_Handler          
20000200  __STACK_END            
00000200  __STACK_SIZE           
20000200  __STACK_TOP            
ffffffff  __TI_pprof_out_hndl    
ffffffff  __TI_prof_data_size    
ffffffff  __TI_prof_data_start   
00000000  __TI_static_base__     
ffffffff  __binit__              
ffffffff  __c_args__             
UNDEFED   __mpu_init             
20000000  __stack                
20000000  __start___llvm_prf_cnts
20000000  __stop___llvm_prf_cnts 
00001655  _c_int00_noinit_noargs 
00001697  _system_pre_init       
0000169b  abort                  
000005f0  ballcolor              
ffffffff  binit                  
00000bcc  blocksrow2             
00000bd3  blocksrow3             
00000bda  blocksrow4             
00000be1  blocksrow5             
00000d2d  checkermanager         
00000b21  clr_page               
00000bee  cordinatesNext         
00000bec  cordinatesNow          
0000124d  decode                 
00001269  decodeBlock            
0000125b  encode                 
00001277  encodeBlock            
00000000  g_pfnVectors           
0000163d  game                   
00001606  gamelevel              
00000719  gameprinter            
00001379  gpio_interrupt_init    
00000b41  int2string             
00001655  lifelost               
0000168d  main                   
00000b2d  new_line               
00000af1  output_character       
00000b05  output_string          
00000c6b  paddle                 
00000bf0  paddleX                
00000c31  phsyics                
00001604  score                  
00000289  scorestr               
000015c9  simple_read_character  
00001611  start                  
000009f1  start_printer          
00001489  timer_interrupt_init   
000012b1  uart_init              
00001355  uart_interrupt_init    


GLOBAL SYMBOLS: SORTED BY Symbol Address 

address   name                   
-------   ----                   
00000000  __TI_static_base__     
00000000  g_pfnVectors           
00000200  __STACK_SIZE           
00000289  scorestr               
000005f0  ballcolor              
00000719  gameprinter            
000009f1  start_printer          
00000af1  output_character       
00000b05  output_string          
00000b21  clr_page               
00000b2d  new_line               
00000b41  int2string             
00000bcc  blocksrow2             
00000bd3  blocksrow3             
00000bda  blocksrow4             
00000be1  blocksrow5             
00000bec  cordinatesNow          
00000bee  cordinatesNext         
00000bf0  paddleX                
00000c31  phsyics                
00000c6b  paddle                 
00000d2d  checkermanager         
0000124d  decode                 
0000125b  encode                 
00001269  decodeBlock            
00001277  encodeBlock            
000012b1  uart_init              
00001355  uart_interrupt_init    
00001379  gpio_interrupt_init    
000013f9  Four_LED_init          
00001429  Four_BUTTON_init       
00001459  RGB_LIGHT_init         
00001489  timer_interrupt_init   
00001515  UART0_Handler          
0000155f  Switch_Handler         
000015ad  Timer_Handler          
000015c9  simple_read_character  
000015d7  DisableT               
000015ef  EnableT                
00001604  score                  
00001606  gamelevel              
00001611  start                  
0000163d  game                   
00001655  _c_int00_noinit_noargs 
00001655  lifelost               
00001681  ResetISR               
0000168d  main                   
00001697  _system_pre_init       
0000169b  C$$EXIT                
0000169b  abort                  
20000000  __stack                
20000000  __start___llvm_prf_cnts
20000000  __stop___llvm_prf_cnts 
20000200  __STACK_END            
20000200  __STACK_TOP            
ffffffff  __TI_pprof_out_hndl    
ffffffff  __TI_prof_data_size    
ffffffff  __TI_prof_data_start   
ffffffff  __binit__              
ffffffff  __c_args__             
ffffffff  binit                  
UNDEFED   __mpu_init             

[62 symbols]
