******************************************************************************
                  TI ARM Linker PC v20.2.7                     
******************************************************************************
>> Linked Thu Apr 13 02:19:18 2023

OUTPUT FILE NAME:   <Game.out>
ENTRY POINT SYMBOL: "_c_int00_noinit_noargs"  address: 00001109


MEMORY CONFIGURATION

         name            origin    length      used     unused   attr    fill
----------------------  --------  ---------  --------  --------  ----  --------
  FLASH                 00000000   00040000  0000117e  0003ee82  R  X
  SRAM                  20000000   00008000  00000200  00007e00  RW X


SEGMENT ALLOCATION MAP

run origin  load origin   length   init length attrs members
----------  ----------- ---------- ----------- ----- -------
00000000    00000000    0000117e   0000117e    r-x
  00000000    00000000    0000026c   0000026c    r-- .intvecs
  0000026c    0000026c    00000f12   00000f12    r-x .text
20000000    20000000    00000200   00000000    rw-
  20000000    20000000    00000200   00000000    rw- .stack


SECTION ALLOCATION MAP

 output                                  attributes/
section   page    origin      length       input sections
--------  ----  ----------  ----------   ----------------
.intvecs   0    00000000    0000026c     
                  00000000    0000026c     tm4c123gh6pm_startup_ccs.obj (.intvecs)

.text      0    0000026c    00000f12     
                  0000026c    000007ae     game_printer_and_sub.obj (.text)
                  00000a1a    00000002     --HOLE-- [fill = 0]
                  00000a1c    0000036a     game_physics_engine.obj (.text)
                  00000d86    00000002     --HOLE-- [fill = 0]
                  00000d88    0000027c     game_init_library.obj (.text)
                  00001004    00000102     game_handler_library.obj (.text)
                  00001106    00000002     --HOLE-- [fill = 0]
                  00001108    0000002c     rtsv7M4_T_le_v4SPD16_eabi.lib : boot_cortex_m.c.obj (.text:_c_int00_noinit_noargs:_c_int00_noinit_noargs)
                  00001134    0000002c     game.obj (.text)
                  00001160    0000000c     tm4c123gh6pm_startup_ccs.obj (.text)
                  0000116c    0000000a     main.obj (.text)
                  00001176    00000004     rtsv7M4_T_le_v4SPD16_eabi.lib : pre_init.c.obj (.text:_system_pre_init)
                  0000117a    00000004                                   : exit.c.obj (.text:abort:abort)

.cinit     0    00000000    00000000     UNINITIALIZED

.init_array 
*          0    00000000    00000000     UNINITIALIZED

.stack     0    20000000    00000200     UNINITIALIZED
                  20000000    00000004     rtsv7M4_T_le_v4SPD16_eabi.lib : boot_cortex_m.c.obj (.stack)
                  20000004    000001fc     --HOLE--

__llvm_prf_cnts 
*          0    20000000    00000000     UNINITIALIZED

MODULE SUMMARY

       Module                         code   ro data   rw data
       ------                         ----   -------   -------
    .\
       game_printer_and_sub.obj       1966   0         0      
       game_physics_engine.obj        874    0         0      
       game_init_library.obj          636    0         0      
       tm4c123gh6pm_startup_ccs.obj   12     620       0      
       game_handler_library.obj       258    0         0      
       game.obj                       44     0         0      
       main.obj                       10     0         0      
    +--+------------------------------+------+---------+---------+
       Total:                         3800   620       0      
                                                              
    D:\Program Files\ccs\tools\compiler\ti-cgt-arm_20.2.7.LTS\lib\rtsv7M4_T_le_v4SPD16_eabi.lib
       boot_cortex_m.c.obj            44     0         0      
       exit.c.obj                     4      0         0      
       pre_init.c.obj                 4      0         0      
    +--+------------------------------+------+---------+---------+
       Total:                         52     0         0      
                                                              
       Stack:                         0      0         512    
    +--+------------------------------+------+---------+---------+
       Grand Total:                   3852   620       512    


GLOBAL SYMBOLS: SORTED ALPHABETICALLY BY Name 

address   name                   
-------   ----                   
0000117b  C$$EXIT                
000010d9  DisableT               
000010f1  EnableT                
00000f2d  Four_BUTTON_init       
00000ef9  Four_LED_init          
00000f61  RGB_LIGHT_init         
00001161  ResetISR               
00001065  Switch_Handler         
000010b3  Timer_Handler          
00001025  UART0_Handler          
20000200  __STACK_END            
00000200  __STACK_SIZE           
20000200  __STACK_TOP            
ffffffff  __TI_pprof_out_hndl    
ffffffff  __TI_prof_data_size    
ffffffff  __TI_prof_data_start   
00000000  __TI_static_base__     
ffffffff  __binit__              
ffffffff  __c_args__             
UNDEFED   __mpu_init             
20000000  __stack                
20000000  __start___llvm_prf_cnts
20000000  __stop___llvm_prf_cnts 
00001109  _c_int00_noinit_noargs 
00001177  _system_pre_init       
0000117b  abort                  
0000026c  ballcolor              
ffffffff  binit                  
00000a1c  blocksrow2             
00000a23  blocksrow3             
00000a2a  blocksrow4             
00000a31  blocksrow5             
00000b7d  checkermanager         
00000965  clr_page               
00000a3e  cordinatesNext         
00000a3c  cordinatesNow          
00000d3f  decode                 
00000d5b  decodeBlock            
00000d4d  encode                 
00000d69  encodeBlock            
00000000  g_pfnVectors           
00001161  game                   
00001136  gamelevel              
00000705  gameprinter            
00000e75  gpio_interrupt_init    
0000098d  int2string             
00001161  lifelost               
0000116d  main                   
00000975  new_line               
0000092d  output_character       
00000945  output_string          
00000abb  paddle                 
00000a40  paddleX                
00000a81  phsyics                
00001134  score                  
0000026d  scorestr               
000010cb  simple_read_character  
00001139  start                  
00000847  start_printer          
00000f95  timer_interrupt_init   
00000da5  uart_init              
00000e4d  uart_interrupt_init    


GLOBAL SYMBOLS: SORTED BY Symbol Address 

address   name                   
-------   ----                   
00000000  __TI_static_base__     
00000000  g_pfnVectors           
00000200  __STACK_SIZE           
0000026c  ballcolor              
0000026d  scorestr               
00000705  gameprinter            
00000847  start_printer          
0000092d  output_character       
00000945  output_string          
00000965  clr_page               
00000975  new_line               
0000098d  int2string             
00000a1c  blocksrow2             
00000a23  blocksrow3             
00000a2a  blocksrow4             
00000a31  blocksrow5             
00000a3c  cordinatesNow          
00000a3e  cordinatesNext         
00000a40  paddleX                
00000a81  phsyics                
00000abb  paddle                 
00000b7d  checkermanager         
00000d3f  decode                 
00000d4d  encode                 
00000d5b  decodeBlock            
00000d69  encodeBlock            
00000da5  uart_init              
00000e4d  uart_interrupt_init    
00000e75  gpio_interrupt_init    
00000ef9  Four_LED_init          
00000f2d  Four_BUTTON_init       
00000f61  RGB_LIGHT_init         
00000f95  timer_interrupt_init   
00001025  UART0_Handler          
00001065  Switch_Handler         
000010b3  Timer_Handler          
000010cb  simple_read_character  
000010d9  DisableT               
000010f1  EnableT                
00001109  _c_int00_noinit_noargs 
00001134  score                  
00001136  gamelevel              
00001139  start                  
00001161  ResetISR               
00001161  game                   
00001161  lifelost               
0000116d  main                   
00001177  _system_pre_init       
0000117b  C$$EXIT                
0000117b  abort                  
20000000  __stack                
20000000  __start___llvm_prf_cnts
20000000  __stop___llvm_prf_cnts 
20000200  __STACK_END            
20000200  __STACK_TOP            
ffffffff  __TI_pprof_out_hndl    
ffffffff  __TI_prof_data_size    
ffffffff  __TI_prof_data_start   
ffffffff  __binit__              
ffffffff  __c_args__             
ffffffff  binit                  
UNDEFED   __mpu_init             

[62 symbols]
