******************************************************************************
                  TI ARM Linker PC v20.2.7                     
******************************************************************************
>> Linked Thu May  4 20:47:39 2023

OUTPUT FILE NAME:   <Game.out>
ENTRY POINT SYMBOL: "_c_int00_noargs"  address: 00001b35


MEMORY CONFIGURATION

         name            origin    length      used     unused   attr    fill
----------------------  --------  ---------  --------  --------  ----  --------
  FLASH                 00000000   00040000  00001fac  0003e054  R  X
  SRAM                  20000000   00008000  00000639  000079c7  RW X


SEGMENT ALLOCATION MAP

run origin  load origin   length   init length attrs members
----------  ----------- ---------- ----------- ----- -------
00000000    00000000    00001fb0   00001fb0    r-x
  00000000    00000000    0000026c   0000026c    r-- .intvecs
  0000026c    0000026c    00001928   00001928    r-x .text
  00001b98    00001b98    00000418   00000418    r-- .cinit
20000000    20000000    00000640   00000000    rw-
  20000000    20000000    00000439   00000000    rw- .data
  20000440    20000440    00000200   00000000    rw- .stack


SECTION ALLOCATION MAP

 output                                  attributes/
section   page    origin      length       input sections
--------  ----  ----------  ----------   ----------------
.intvecs   0    00000000    0000026c     
                  00000000    0000026c     tm4c123gh6pm_startup_ccs.obj (.intvecs)

.text      0    0000026c    00001928     
                  0000026c    0000082e     game_physics_engine.obj (.text)
                  00000a9a    00000002     --HOLE-- [fill = 0]
                  00000a9c    0000062e     game_printer_and_sub.obj (.text)
                  000010ca    00000002     --HOLE-- [fill = 0]
                  000010cc    000003a0     game_handler_library.obj (.text)
                  0000146c    000002c8     game.obj (.text)
                  00001734    000002b8     game_init_library.obj (.text)
                  000019ec    0000009c     rtsv7M4_T_le_v4SPD16_eabi.lib : memcpy_t2.asm.obj (.text)
                  00001a88    00000068                                   : copy_decompress_lzss.c.obj (.text:decompress:lzss:__TI_decompress_lzss)
                  00001af0    00000044                                   : autoinit.c.obj (.text:__TI_auto_init_nobinit_nopinit:__TI_auto_init_nobinit_nopinit)
                  00001b34    00000034                                   : boot_cortex_m.c.obj (.text:_c_int00_noargs:_c_int00_noargs)
                  00001b68    0000000e                                   : copy_decompress_none.c.obj (.text:decompress:none:__TI_decompress_none)
                  00001b76    0000000c     tm4c123gh6pm_startup_ccs.obj (.text)
                  00001b82    0000000a     main.obj (.text)
                  00001b8c    00000004     rtsv7M4_T_le_v4SPD16_eabi.lib : pre_init.c.obj (.text:_system_pre_init)
                  00001b90    00000004                                   : exit.c.obj (.text:abort:abort)

.cinit     0    00001b98    00000418     
                  00001b98    00000406     (.cinit..data.load) [load image, compression = lzss]
                  00001f9e    00000002     --HOLE-- [fill = 0]
                  00001fa0    00000008     (__TI_handler_table)
                  00001fa8    00000008     (__TI_cinit_table)

.init_array 
*          0    00000000    00000000     UNINITIALIZED

.data      0    20000000    00000439     UNINITIALIZED
                  20000000    0000040d     game_printer_and_sub.obj (.data)
                  2000040d    00000001     --HOLE--
                  2000040e    00000027     game_physics_engine.obj (.data)
                  20000435    00000001     --HOLE--
                  20000436    00000003     game.obj (.data)

.stack     0    20000440    00000200     UNINITIALIZED
                  20000440    00000004     rtsv7M4_T_le_v4SPD16_eabi.lib : boot_cortex_m.c.obj (.stack)
                  20000444    000001fc     --HOLE--

__llvm_prf_cnts 
*          0    20000000    00000000     UNINITIALIZED

MODULE SUMMARY

       Module                         code   ro data   rw data
       ------                         ----   -------   -------
    .\
       game_printer_and_sub.obj       1582   0         1037   
       game_physics_engine.obj        2094   0         39     
       game_handler_library.obj       928    0         0      
       game.obj                       712    0         3      
       game_init_library.obj          696    0         0      
       tm4c123gh6pm_startup_ccs.obj   12     620       0      
       main.obj                       10     0         0      
    +--+------------------------------+------+---------+---------+
       Total:                         6034   620       1079   
                                                              
    D:\Program Files\ccs\tools\compiler\ti-cgt-arm_20.2.7.LTS\lib\rtsv7M4_T_le_v4SPD16_eabi.lib
       memcpy_t2.asm.obj              156    0         0      
       copy_decompress_lzss.c.obj     104    0         0      
       autoinit.c.obj                 68     0         0      
       boot_cortex_m.c.obj            52     0         0      
       copy_decompress_none.c.obj     14     0         0      
       exit.c.obj                     4      0         0      
       pre_init.c.obj                 4      0         0      
    +--+------------------------------+------+---------+---------+
       Total:                         402    0         0      
                                                              
       Stack:                         0      0         512    
       Linker Generated:              0      1046      0      
    +--+------------------------------+------+---------+---------+
       Grand Total:                   6436   1666      1591   


LINKER GENERATED COPY TABLES

__TI_cinit_table @ 00001fa8 records: 1, size/record: 8, table size: 8
	.data: load addr=00001b98, load size=00000406 bytes, run addr=20000000, run size=00000439 bytes, compression=lzss


LINKER GENERATED HANDLER TABLE

__TI_handler_table @ 00001fa0 records: 2, size/record: 4, table size: 8
	index: 0, handler: __TI_decompress_lzss
	index: 1, handler: __TI_decompress_none


GLOBAL SYMBOLS: SORTED ALPHABETICALLY BY Name 

address   name                          
-------   ----                          
00001705  BeginBlockLoop                
000016a5  BlockCreate                   
00001b91  C$$EXIT                       
0000140d  DisableRNG                    
0000142d  DisableT                      
000013fb  EnableRNG                     
00001445  EnableT                       
000018c9  Four_BUTTON_init              
00001899  Four_LED_init                 
00001247  Four_LED_subroutine           
2000042a  LeftRight                     
000018f9  RGB_LIGHT_init                
00001b77  ResetISR                      
0000115d  Switch_Handler                
000012e7  Timer_Handler                 
000013b7  Timer_Handler_RNG             
00001303  Timer_Level_2                 
0000133f  Timer_Level_3                 
0000137b  Timer_Level_4                 
000010f5  UART0_Handler                 
2000042b  UpDown                        
20000640  __STACK_END                   
00000200  __STACK_SIZE                  
20000640  __STACK_TOP                   
00001fa8  __TI_CINIT_Base               
00001fb0  __TI_CINIT_Limit              
00001fa0  __TI_Handler_Table_Base       
00001fa8  __TI_Handler_Table_Limit      
00001af1  __TI_auto_init_nobinit_nopinit
00001a89  __TI_decompress_lzss          
00001b69  __TI_decompress_none          
ffffffff  __TI_pprof_out_hndl           
ffffffff  __TI_prof_data_size           
ffffffff  __TI_prof_data_start          
00000000  __TI_static_base__            
000019ed  __aeabi_memcpy                
000019ed  __aeabi_memcpy4               
000019ed  __aeabi_memcpy8               
ffffffff  __binit__                     
ffffffff  __c_args__                    
UNDEFED   __mpu_init                    
20000440  __stack                       
20000000  __start___llvm_prf_cnts       
20000000  __stop___llvm_prf_cnts        
00001b35  _c_int00_noargs               
UNDEFED   _system_post_cinit            
00001b8d  _system_pre_init              
00001b91  abort                         
2000042c  angle                         
200003b2  ballcolor                     
ffffffff  binit                         
20000434  blocklvls                     
2000040e  blocksrow2                    
20000415  blocksrow3                    
2000041c  blocksrow4                    
20000423  blocksrow5                    
000003ab  checkermanager                
00001021  clr_page                      
20000430  cordinatesNext                
2000042e  cordinatesNow                 
00000a53  decode                        
00000a6f  decodeBlock                   
00000a61  encode                        
00000a7d  encodeBlock                   
00000000  g_pfnVectors                  
000014ed  game                          
200000d1  gameOver                      
20000438  gamelevel                     
00000b71  gameprinter                   
00001819  gpio_interrupt_init           
00001041  int2string                    
000015f7  lifelost                      
00001b83  main                          
000019ed  memcpy                        
0000102d  new_line                      
00000ff7  output_character              
0000100b  output_string                 
000002e3  paddle                        
20000432  paddleX                       
000002a9  phsyics                       
000011c9  read_from_push_btns           
00001537  restart_game                  
0000114b  rgbLED                        
20000436  score                         
2000001d  scorestr                      
0000141f  simple_read_character         
000014a9  start                         
00000ef7  start_printer                 
00001929  timer_interrupt_init          
00001995  timer_interrupt_init_RNG      
00001751  uart_init                     
000017f5  uart_interrupt_init           


GLOBAL SYMBOLS: SORTED BY Symbol Address 

address   name                          
-------   ----                          
00000000  __TI_static_base__            
00000000  g_pfnVectors                  
00000200  __STACK_SIZE                  
000002a9  phsyics                       
000002e3  paddle                        
000003ab  checkermanager                
00000a53  decode                        
00000a61  encode                        
00000a6f  decodeBlock                   
00000a7d  encodeBlock                   
00000b71  gameprinter                   
00000ef7  start_printer                 
00000ff7  output_character              
0000100b  output_string                 
00001021  clr_page                      
0000102d  new_line                      
00001041  int2string                    
000010f5  UART0_Handler                 
0000114b  rgbLED                        
0000115d  Switch_Handler                
000011c9  read_from_push_btns           
00001247  Four_LED_subroutine           
000012e7  Timer_Handler                 
00001303  Timer_Level_2                 
0000133f  Timer_Level_3                 
0000137b  Timer_Level_4                 
000013b7  Timer_Handler_RNG             
000013fb  EnableRNG                     
0000140d  DisableRNG                    
0000141f  simple_read_character         
0000142d  DisableT                      
00001445  EnableT                       
000014a9  start                         
000014ed  game                          
00001537  restart_game                  
000015f7  lifelost                      
000016a5  BlockCreate                   
00001705  BeginBlockLoop                
00001751  uart_init                     
000017f5  uart_interrupt_init           
00001819  gpio_interrupt_init           
00001899  Four_LED_init                 
000018c9  Four_BUTTON_init              
000018f9  RGB_LIGHT_init                
00001929  timer_interrupt_init          
00001995  timer_interrupt_init_RNG      
000019ed  __aeabi_memcpy                
000019ed  __aeabi_memcpy4               
000019ed  __aeabi_memcpy8               
000019ed  memcpy                        
00001a89  __TI_decompress_lzss          
00001af1  __TI_auto_init_nobinit_nopinit
00001b35  _c_int00_noargs               
00001b69  __TI_decompress_none          
00001b77  ResetISR                      
00001b83  main                          
00001b8d  _system_pre_init              
00001b91  C$$EXIT                       
00001b91  abort                         
00001fa0  __TI_Handler_Table_Base       
00001fa8  __TI_CINIT_Base               
00001fa8  __TI_Handler_Table_Limit      
00001fb0  __TI_CINIT_Limit              
20000000  __start___llvm_prf_cnts       
20000000  __stop___llvm_prf_cnts        
2000001d  scorestr                      
200000d1  gameOver                      
200003b2  ballcolor                     
2000040e  blocksrow2                    
20000415  blocksrow3                    
2000041c  blocksrow4                    
20000423  blocksrow5                    
2000042a  LeftRight                     
2000042b  UpDown                        
2000042c  angle                         
2000042e  cordinatesNow                 
20000430  cordinatesNext                
20000432  paddleX                       
20000434  blocklvls                     
20000436  score                         
20000438  gamelevel                     
20000440  __stack                       
20000640  __STACK_END                   
20000640  __STACK_TOP                   
ffffffff  __TI_pprof_out_hndl           
ffffffff  __TI_prof_data_size           
ffffffff  __TI_prof_data_start          
ffffffff  __binit__                     
ffffffff  __c_args__                    
ffffffff  binit                         
UNDEFED   __mpu_init                    
UNDEFED   _system_post_cinit            

[92 symbols]
