******************************************************************************
                  TI ARM Linker PC v20.2.7                     
******************************************************************************
>> Linked Tue Apr 18 13:47:43 2023

OUTPUT FILE NAME:   <Lab4.out>
ENTRY POINT SYMBOL: "_c_int00_noargs"  address: 00000b41


MEMORY CONFIGURATION

         name            origin    length      used     unused   attr    fill
----------------------  --------  ---------  --------  --------  ----  --------
  FLASH                 00000000   00040000  00000da4  0003f25c  R  X
  SRAM                  20000000   00008000  000005e3  00007a1d  RW X


SEGMENT ALLOCATION MAP

run origin  load origin   length   init length attrs members
----------  ----------- ---------- ----------- ----- -------
00000000    00000000    00000da4   00000da4    r-x
  00000000    00000000    0000026c   0000026c    r-- .intvecs
  0000026c    0000026c    00000934   00000934    r-x .text
  00000ba0    00000ba0    00000204   00000204    r-- .cinit
20000000    20000000    000005e8   00000000    rw-
  20000000    20000000    000003e3   00000000    rw- .data
  200003e8    200003e8    00000200   00000000    rw- .stack


SECTION ALLOCATION MAP

 output                                  attributes/
section   page    origin      length       input sections
--------  ----  ----------  ----------   ----------------
.intvecs   0    00000000    0000026c     
                  00000000    0000026c     tm4c123gh6pm_startup_ccs.obj (.intvecs)

.text      0    0000026c    00000934     
                  0000026c    00000446     library_lab_4.obj (.text)
                  000006b2    00000002     --HOLE-- [fill = 0]
                  000006b4    00000342     lab_4.obj (.text)
                  000009f6    0000009c     rtsv7M4_T_le_v4SPD16_eabi.lib : memcpy_t2.asm.obj (.text)
                  00000a92    00000068                                   : copy_decompress_lzss.c.obj (.text:decompress:lzss:__TI_decompress_lzss)
                  00000afa    00000002     --HOLE-- [fill = 0]
                  00000afc    00000044                                   : autoinit.c.obj (.text:__TI_auto_init_nobinit_nopinit:__TI_auto_init_nobinit_nopinit)
                  00000b40    00000034                                   : boot_cortex_m.c.obj (.text:_c_int00_noargs:_c_int00_noargs)
                  00000b74    0000000e                                   : copy_decompress_none.c.obj (.text:decompress:none:__TI_decompress_none)
                  00000b82    0000000c     tm4c123gh6pm_startup_ccs.obj (.text)
                  00000b8e    0000000a     lab_4_wrapper.obj (.text)
                  00000b98    00000004     rtsv7M4_T_le_v4SPD16_eabi.lib : pre_init.c.obj (.text:_system_pre_init)
                  00000b9c    00000004                                   : exit.c.obj (.text:abort:abort)

.cinit     0    00000ba0    00000204     
                  00000ba0    000001f2     (.cinit..data.load) [load image, compression = lzss]
                  00000d92    00000002     --HOLE-- [fill = 0]
                  00000d94    00000008     (__TI_handler_table)
                  00000d9c    00000008     (__TI_cinit_table)

.init_array 
*          0    00000000    00000000     UNINITIALIZED

.data      0    20000000    000003e3     UNINITIALIZED
                  20000000    000003e3     lab_4.obj (.data)

.stack     0    200003e8    00000200     UNINITIALIZED
                  200003e8    00000004     rtsv7M4_T_le_v4SPD16_eabi.lib : boot_cortex_m.c.obj (.stack)
                  200003ec    000001fc     --HOLE--

__llvm_prf_cnts 
*          0    20000000    00000000     UNINITIALIZED

MODULE SUMMARY

       Module                         code   ro data   rw data
       ------                         ----   -------   -------
    .\
       lab_4.obj                      834    0         995    
       library_lab_4.obj              1094   0         0      
       tm4c123gh6pm_startup_ccs.obj   12     620       0      
       lab_4_wrapper.obj              10     0         0      
    +--+------------------------------+------+---------+---------+
       Total:                         1950   620       995    
                                                              
    D:\Program Files\ccs\tools\compiler\ti-cgt-arm_20.2.7.LTS\lib\rtsv7M4_T_le_v4SPD16_eabi.lib
       memcpy_t2.asm.obj              156    0         0      
       copy_decompress_lzss.c.obj     104    0         0      
       autoinit.c.obj                 68     0         0      
       boot_cortex_m.c.obj            52     0         0      
       copy_decompress_none.c.obj     14     0         0      
       exit.c.obj                     4      0         0      
       pre_init.c.obj                 4      0         0      
    +--+------------------------------+------+---------+---------+
       Total:                         402    0         0      
                                                              
       Stack:                         0      0         512    
       Linker Generated:              0      514       0      
    +--+------------------------------+------+---------+---------+
       Grand Total:                   2352   1134      1507   


LINKER GENERATED COPY TABLES

__TI_cinit_table @ 00000d9c records: 1, size/record: 8, table size: 8
	.data: load addr=00000ba0, load size=000001f2 bytes, run addr=20000000, run size=000003e3 bytes, compression=lzss


LINKER GENERATED HANDLER TABLE

__TI_handler_table @ 00000d94 records: 2, size/record: 4, table size: 8
	index: 0, handler: __TI_decompress_lzss
	index: 1, handler: __TI_decompress_none


GLOBAL SYMBOLS: SORTED ALPHABETICALLY BY Name 

address   name                          
-------   ----                          
00000b9d  C$$EXIT                       
00000b83  ResetISR                      
200005e8  __STACK_END                   
00000200  __STACK_SIZE                  
200005e8  __STACK_TOP                   
00000d9c  __TI_CINIT_Base               
00000da4  __TI_CINIT_Limit              
00000d94  __TI_Handler_Table_Base       
00000d9c  __TI_Handler_Table_Limit      
00000afd  __TI_auto_init_nobinit_nopinit
00000a93  __TI_decompress_lzss          
00000b75  __TI_decompress_none          
ffffffff  __TI_pprof_out_hndl           
ffffffff  __TI_prof_data_size           
ffffffff  __TI_prof_data_start          
00000000  __TI_static_base__            
000009f7  __aeabi_memcpy                
000009f7  __aeabi_memcpy4               
000009f7  __aeabi_memcpy8               
ffffffff  __binit__                     
ffffffff  __c_args__                    
UNDEFED   __mpu_init                    
200003e8  __stack                       
20000000  __start___llvm_prf_cnts       
20000000  __stop___llvm_prf_cnts        
00000b41  _c_int00_noargs               
UNDEFED   _system_post_cinit            
00000b99  _system_pre_init              
00000b9d  abort                         
ffffffff  binit                         
00000000  g_pfnVectors                  
000002fb  gpio_btn_and_LED_init         
0000051d  illuminate_LEDs               
0000052d  illuminate_RGB_LED            
000003bf  keypad_init                   
00000705  lab4                          
00000b8f  main                          
000009f7  memcpy                        
00000425  output_character              
00000483  output_string                 
0000043d  read_character                
000004a3  read_from_push_btns           
0000058d  read_keypad                   
00000455  read_string                   
00000565  read_tiva_push_button         
00000285  uart_init                     


GLOBAL SYMBOLS: SORTED BY Symbol Address 

address   name                          
-------   ----                          
00000000  __TI_static_base__            
00000000  g_pfnVectors                  
00000200  __STACK_SIZE                  
00000285  uart_init                     
000002fb  gpio_btn_and_LED_init         
000003bf  keypad_init                   
00000425  output_character              
0000043d  read_character                
00000455  read_string                   
00000483  output_string                 
000004a3  read_from_push_btns           
0000051d  illuminate_LEDs               
0000052d  illuminate_RGB_LED            
00000565  read_tiva_push_button         
0000058d  read_keypad                   
00000705  lab4                          
000009f7  __aeabi_memcpy                
000009f7  __aeabi_memcpy4               
000009f7  __aeabi_memcpy8               
000009f7  memcpy                        
00000a93  __TI_decompress_lzss          
00000afd  __TI_auto_init_nobinit_nopinit
00000b41  _c_int00_noargs               
00000b75  __TI_decompress_none          
00000b83  ResetISR                      
00000b8f  main                          
00000b99  _system_pre_init              
00000b9d  C$$EXIT                       
00000b9d  abort                         
00000d94  __TI_Handler_Table_Base       
00000d9c  __TI_CINIT_Base               
00000d9c  __TI_Handler_Table_Limit      
00000da4  __TI_CINIT_Limit              
20000000  __start___llvm_prf_cnts       
20000000  __stop___llvm_prf_cnts        
200003e8  __stack                       
200005e8  __STACK_END                   
200005e8  __STACK_TOP                   
ffffffff  __TI_pprof_out_hndl           
ffffffff  __TI_prof_data_size           
ffffffff  __TI_prof_data_start          
ffffffff  __binit__                     
ffffffff  __c_args__                    
ffffffff  binit                         
UNDEFED   __mpu_init                    
UNDEFED   _system_post_cinit            

[46 symbols]
