******************************************************************************
                  TI ARM Linker PC v20.2.7                     
******************************************************************************
>> Linked Tue Apr  4 02:55:05 2023

OUTPUT FILE NAME:   <Lab6.out>
ENTRY POINT SYMBOL: "_c_int00_noargs"  address: 000009bd


MEMORY CONFIGURATION

         name            origin    length      used     unused   attr    fill
----------------------  --------  ---------  --------  --------  ----  --------
  FLASH                 00000000   00040000  00000d98  0003f268  R  X
  SRAM                  20000000   00008000  00000561  00007a9f  RW X


SEGMENT ALLOCATION MAP

run origin  load origin   length   init length attrs members
----------  ----------- ---------- ----------- ----- -------
00000000    00000000    00000d9c   00000d9c    r-x
  00000000    00000000    0000026c   0000026c    r-- .intvecs
  0000026c    0000026c    000007b0   000007b0    r-x .text
  00000a20    00000a20    0000037c   0000037c    r-- .cinit
20000000    20000000    00000568   00000000    rw-
  20000000    20000000    00000361   00000000    rw- .data
  20000368    20000368    00000200   00000000    rw- .stack


SECTION ALLOCATION MAP

 output                                  attributes/
section   page    origin      length       input sections
--------  ----  ----------  ----------   ----------------
.intvecs   0    00000000    0000026c     
                  00000000    0000026c     tm4c123gh6pm_startup_ccs.obj (.intvecs)

.text      0    0000026c    000007b0     
                  0000026c    000005c0     lab_6_library.obj (.text)
                  0000082c    0000009c     rtsv7M4_T_le_v4SPD16_eabi.lib : memcpy_t2.asm.obj (.text)
                  000008c8    00000068                                   : copy_decompress_lzss.c.obj (.text:decompress:lzss:__TI_decompress_lzss)
                  00000930    00000046     lab_6.obj (.text)
                  00000976    00000002     --HOLE-- [fill = 0]
                  00000978    00000044     rtsv7M4_T_le_v4SPD16_eabi.lib : autoinit.c.obj (.text:__TI_auto_init_nobinit_nopinit:__TI_auto_init_nobinit_nopinit)
                  000009bc    00000034                                   : boot_cortex_m.c.obj (.text:_c_int00_noargs:_c_int00_noargs)
                  000009f0    0000000e                                   : copy_decompress_none.c.obj (.text:decompress:none:__TI_decompress_none)
                  000009fe    0000000c     tm4c123gh6pm_startup_ccs.obj (.text)
                  00000a0a    0000000a     lab_6_wrapper.obj (.text)
                  00000a14    00000004     rtsv7M4_T_le_v4SPD16_eabi.lib : pre_init.c.obj (.text:_system_pre_init)
                  00000a18    00000004                                   : exit.c.obj (.text:abort:abort)

.cinit     0    00000a20    0000037c     
                  00000a20    00000369     (.cinit..data.load) [load image]
                  00000d89    00000003     --HOLE-- [fill = 0]
                  00000d8c    00000008     (__TI_handler_table)
                  00000d94    00000008     (__TI_cinit_table)

.init_array 
*          0    00000000    00000000     UNINITIALIZED

.data      0    20000000    00000361     UNINITIALIZED
                  20000000    00000361     lab_6_library.obj (.data)

.stack     0    20000368    00000200     UNINITIALIZED
                  20000368    00000004     rtsv7M4_T_le_v4SPD16_eabi.lib : boot_cortex_m.c.obj (.stack)
                  2000036c    000001fc     --HOLE--

__llvm_prf_cnts 
*          0    20000000    00000000     UNINITIALIZED

MODULE SUMMARY

       Module                         code   ro data   rw data
       ------                         ----   -------   -------
    .\
       lab_6_library.obj              1472   0         865    
       tm4c123gh6pm_startup_ccs.obj   12     620       0      
       lab_6.obj                      70     0         0      
       lab_6_wrapper.obj              10     0         0      
    +--+------------------------------+------+---------+---------+
       Total:                         1564   620       865    
                                                              
    D:\Program Files\ccs\tools\compiler\ti-cgt-arm_20.2.7.LTS\lib\rtsv7M4_T_le_v4SPD16_eabi.lib
       memcpy_t2.asm.obj              156    0         0      
       copy_decompress_lzss.c.obj     104    0         0      
       autoinit.c.obj                 68     0         0      
       boot_cortex_m.c.obj            52     0         0      
       copy_decompress_none.c.obj     14     0         0      
       exit.c.obj                     4      0         0      
       pre_init.c.obj                 4      0         0      
    +--+------------------------------+------+---------+---------+
       Total:                         402    0         0      
                                                              
       Stack:                         0      0         512    
       Linker Generated:              0      889       0      
    +--+------------------------------+------+---------+---------+
       Grand Total:                   1966   1509      1377   


LINKER GENERATED COPY TABLES

__TI_cinit_table @ 00000d94 records: 1, size/record: 8, table size: 8
	.data: load addr=00000a20, load size=00000369 bytes, run addr=20000000, run size=00000361 bytes, compression=copy


LINKER GENERATED HANDLER TABLE

__TI_handler_table @ 00000d8c records: 2, size/record: 4, table size: 8
	index: 0, handler: __TI_decompress_lzss
	index: 1, handler: __TI_decompress_none


GLOBAL SYMBOLS: SORTED ALPHABETICALLY BY Name 

address   name                          
-------   ----                          
00000a19  C$$EXIT                       
000009ff  ResetISR                      
000004fd  Switch_Handler                
00000527  Timer_Handler                 
000004b9  UART0_Handler                 
20000568  __STACK_END                   
00000200  __STACK_SIZE                  
20000568  __STACK_TOP                   
00000d94  __TI_CINIT_Base               
00000d9c  __TI_CINIT_Limit              
00000d8c  __TI_Handler_Table_Base       
00000d94  __TI_Handler_Table_Limit      
00000979  __TI_auto_init_nobinit_nopinit
000008c9  __TI_decompress_lzss          
000009f1  __TI_decompress_none          
ffffffff  __TI_pprof_out_hndl           
ffffffff  __TI_prof_data_size           
ffffffff  __TI_prof_data_start          
00000000  __TI_static_base__            
0000082d  __aeabi_memcpy                
0000082d  __aeabi_memcpy4               
0000082d  __aeabi_memcpy8               
ffffffff  __binit__                     
ffffffff  __c_args__                    
UNDEFED   __mpu_init                    
20000368  __stack                       
20000000  __start___llvm_prf_cnts       
20000000  __stop___llvm_prf_cnts        
000009bd  _c_int00_noargs               
UNDEFED   _system_post_cinit            
00000a15  _system_pre_init              
00000a19  abort                         
ffffffff  binit                         
00000663  checker                       
0000058d  clr_page                      
2000033a  cordinatesNext                
20000338  cordinatesNow                 
0000063f  decode                        
2000033c  direction                     
00000651  encode                        
00000000  g_pfnVectors                  
00000957  game                          
000003c5  gpio_interrupt_init           
2000033e  hit                           
000005ad  int2string                    
00000939  lab6                          
00000a0b  main                          
0000082d  memcpy                        
000006a1  mover                         
2000034e  moves                         
0000059d  new_line                      
2000035c  number                        
00000555  output_character              
0000056d  output_string                 
000006e7  printer                       
20000018  row1                          
20000180  row10                         
200001a8  row11                         
200001d0  row12                         
200001f8  row13                         
20000220  row14                         
20000248  row15                         
20000270  row16                         
20000298  row17                         
200002c0  row18                         
200002e8  row19                         
20000040  row2                          
20000310  row20                         
20000068  row3                          
20000090  row4                          
200000b8  row5                          
200000e0  row6                          
20000108  row7                          
20000130  row8                          
20000158  row9                          
00000547  simple_read_character         
00000449  timer_interrupt_init          
20000000  topNbottom                    
000002f5  uart_init                     
0000039d  uart_interrupt_init           


GLOBAL SYMBOLS: SORTED BY Symbol Address 

address   name                          
-------   ----                          
00000000  __TI_static_base__            
00000000  g_pfnVectors                  
00000200  __STACK_SIZE                  
000002f5  uart_init                     
0000039d  uart_interrupt_init           
000003c5  gpio_interrupt_init           
00000449  timer_interrupt_init          
000004b9  UART0_Handler                 
000004fd  Switch_Handler                
00000527  Timer_Handler                 
00000547  simple_read_character         
00000555  output_character              
0000056d  output_string                 
0000058d  clr_page                      
0000059d  new_line                      
000005ad  int2string                    
0000063f  decode                        
00000651  encode                        
00000663  checker                       
000006a1  mover                         
000006e7  printer                       
0000082d  __aeabi_memcpy                
0000082d  __aeabi_memcpy4               
0000082d  __aeabi_memcpy8               
0000082d  memcpy                        
000008c9  __TI_decompress_lzss          
00000939  lab6                          
00000957  game                          
00000979  __TI_auto_init_nobinit_nopinit
000009bd  _c_int00_noargs               
000009f1  __TI_decompress_none          
000009ff  ResetISR                      
00000a0b  main                          
00000a15  _system_pre_init              
00000a19  C$$EXIT                       
00000a19  abort                         
00000d8c  __TI_Handler_Table_Base       
00000d94  __TI_CINIT_Base               
00000d94  __TI_Handler_Table_Limit      
00000d9c  __TI_CINIT_Limit              
20000000  __start___llvm_prf_cnts       
20000000  __stop___llvm_prf_cnts        
20000000  topNbottom                    
20000018  row1                          
20000040  row2                          
20000068  row3                          
20000090  row4                          
200000b8  row5                          
200000e0  row6                          
20000108  row7                          
20000130  row8                          
20000158  row9                          
20000180  row10                         
200001a8  row11                         
200001d0  row12                         
200001f8  row13                         
20000220  row14                         
20000248  row15                         
20000270  row16                         
20000298  row17                         
200002c0  row18                         
200002e8  row19                         
20000310  row20                         
20000338  cordinatesNow                 
2000033a  cordinatesNext                
2000033c  direction                     
2000033e  hit                           
2000034e  moves                         
2000035c  number                        
20000368  __stack                       
20000568  __STACK_END                   
20000568  __STACK_TOP                   
ffffffff  __TI_pprof_out_hndl           
ffffffff  __TI_prof_data_size           
ffffffff  __TI_prof_data_start          
ffffffff  __binit__                     
ffffffff  __c_args__                    
ffffffff  binit                         
UNDEFED   __mpu_init                    
UNDEFED   _system_post_cinit            

[80 symbols]
