******************************************************************************
                  TI ARM Linker PC v20.2.7                     
******************************************************************************
>> Linked Thu Mar 30 18:55:36 2023

OUTPUT FILE NAME:   <Lab6.out>
ENTRY POINT SYMBOL: "_c_int00_noargs"  address: 000008f1


MEMORY CONFIGURATION

         name            origin    length      used     unused   attr    fill
----------------------  --------  ---------  --------  --------  ----  --------
  FLASH                 00000000   00040000  00000cf0  0003f310  R  X
  SRAM                  20000000   00008000  00000586  00007a7a  RW X


SEGMENT ALLOCATION MAP

run origin  load origin   length   init length attrs members
----------  ----------- ---------- ----------- ----- -------
00000000    00000000    00000cf0   00000cf0    r-x
  00000000    00000000    0000026c   0000026c    r-- .intvecs
  0000026c    0000026c    000006e4   000006e4    r-x .text
  00000950    00000950    000003a0   000003a0    r-- .cinit
20000000    20000000    00000588   00000000    rw-
  20000000    20000000    00000386   00000000    rw- .data
  20000388    20000388    00000200   00000000    rw- .stack


SECTION ALLOCATION MAP

 output                                  attributes/
section   page    origin      length       input sections
--------  ----  ----------  ----------   ----------------
.intvecs   0    00000000    0000026c     
                  00000000    0000026c     tm4c123gh6pm_startup_ccs.obj (.intvecs)

.text      0    0000026c    000006e4     
                  0000026c    000004f8     lab_6_library.obj (.text)
                  00000764    0000009c     rtsv7M4_T_le_v4SPD16_eabi.lib : memcpy_t2.asm.obj (.text)
                  00000800    00000068                                   : copy_decompress_lzss.c.obj (.text:decompress:lzss:__TI_decompress_lzss)
                  00000868    00000044                                   : autoinit.c.obj (.text:__TI_auto_init_nobinit_nopinit:__TI_auto_init_nobinit_nopinit)
                  000008ac    00000042     lab_6.obj (.text)
                  000008ee    00000002     --HOLE-- [fill = 0]
                  000008f0    00000034     rtsv7M4_T_le_v4SPD16_eabi.lib : boot_cortex_m.c.obj (.text:_c_int00_noargs:_c_int00_noargs)
                  00000924    0000000e                                   : copy_decompress_none.c.obj (.text:decompress:none:__TI_decompress_none)
                  00000932    0000000c     tm4c123gh6pm_startup_ccs.obj (.text)
                  0000093e    0000000a     lab_6_wrapper.obj (.text)
                  00000948    00000004     rtsv7M4_T_le_v4SPD16_eabi.lib : pre_init.c.obj (.text:_system_pre_init)
                  0000094c    00000004                                   : exit.c.obj (.text:abort:abort)

.cinit     0    00000950    000003a0     
                  00000950    0000038e     (.cinit..data.load) [load image]
                  00000cde    00000002     --HOLE-- [fill = 0]
                  00000ce0    00000008     (__TI_handler_table)
                  00000ce8    00000008     (__TI_cinit_table)

.init_array 
*          0    00000000    00000000     UNINITIALIZED

.data      0    20000000    00000386     UNINITIALIZED
                  20000000    00000386     lab_6_library.obj (.data)

.stack     0    20000388    00000200     UNINITIALIZED
                  20000388    00000004     rtsv7M4_T_le_v4SPD16_eabi.lib : boot_cortex_m.c.obj (.stack)
                  2000038c    000001fc     --HOLE--

__llvm_prf_cnts 
*          0    20000000    00000000     UNINITIALIZED

MODULE SUMMARY

       Module                         code   ro data   rw data
       ------                         ----   -------   -------
    .\
       lab_6_library.obj              1272   0         902    
       tm4c123gh6pm_startup_ccs.obj   12     620       0      
       lab_6.obj                      66     0         0      
       lab_6_wrapper.obj              10     0         0      
    +--+------------------------------+------+---------+---------+
       Total:                         1360   620       902    
                                                              
    D:\Program Files\ccs\tools\compiler\ti-cgt-arm_20.2.7.LTS\lib\rtsv7M4_T_le_v4SPD16_eabi.lib
       memcpy_t2.asm.obj              156    0         0      
       copy_decompress_lzss.c.obj     104    0         0      
       autoinit.c.obj                 68     0         0      
       boot_cortex_m.c.obj            52     0         0      
       copy_decompress_none.c.obj     14     0         0      
       exit.c.obj                     4      0         0      
       pre_init.c.obj                 4      0         0      
    +--+------------------------------+------+---------+---------+
       Total:                         402    0         0      
                                                              
       Stack:                         0      0         512    
       Linker Generated:              0      926       0      
    +--+------------------------------+------+---------+---------+
       Grand Total:                   1762   1546      1414   


LINKER GENERATED COPY TABLES

__TI_cinit_table @ 00000ce8 records: 1, size/record: 8, table size: 8
	.data: load addr=00000950, load size=0000038e bytes, run addr=20000000, run size=00000386 bytes, compression=copy


LINKER GENERATED HANDLER TABLE

__TI_handler_table @ 00000ce0 records: 2, size/record: 4, table size: 8
	index: 0, handler: __TI_decompress_lzss
	index: 1, handler: __TI_decompress_none


GLOBAL SYMBOLS: SORTED ALPHABETICALLY BY Name 

address   name                          
-------   ----                          
0000094d  C$$EXIT                       
00000933  ResetISR                      
0000048f  Switch_Handler                
000004a7  Timer_Handler                 
00000445  UART0_Handler                 
20000588  __STACK_END                   
00000200  __STACK_SIZE                  
20000588  __STACK_TOP                   
00000ce8  __TI_CINIT_Base               
00000cf0  __TI_CINIT_Limit              
00000ce0  __TI_Handler_Table_Base       
00000ce8  __TI_Handler_Table_Limit      
00000869  __TI_auto_init_nobinit_nopinit
00000801  __TI_decompress_lzss          
00000925  __TI_decompress_none          
ffffffff  __TI_pprof_out_hndl           
ffffffff  __TI_prof_data_size           
ffffffff  __TI_prof_data_start          
00000000  __TI_static_base__            
00000765  __aeabi_memcpy                
00000765  __aeabi_memcpy4               
00000765  __aeabi_memcpy8               
ffffffff  __binit__                     
ffffffff  __c_args__                    
UNDEFED   __mpu_init                    
20000388  __stack                       
20000000  __start___llvm_prf_cnts       
20000000  __stop___llvm_prf_cnts        
000008f1  _c_int00_noargs               
UNDEFED   _system_post_cinit            
00000949  _system_pre_init              
0000094d  abort                         
ffffffff  binit                         
000005d3  checker                       
000004f5  clr_page                      
20000364  cordinatesNext                
20000362  cordinatesNow                 
000005af  decode                        
20000366  direction                     
000005c1  encode                        
00000000  g_pfnVectors                  
000008cf  game                          
000003c1  gpio_interrupt_init           
20000368  hit                           
0000051d  int2string                    
000008b5  lab6                          
0000093f  main                          
00000765  memcpy                        
0000060f  mover                         
20000378  moves                         
00000505  new_line                      
000004bd  output_character              
000004d5  output_string                 
00000655  printer                       
2000001a  row1                          
20000194  row10                         
200001be  row11                         
200001e8  row12                         
20000212  row13                         
2000023c  row14                         
20000266  row15                         
20000290  row16                         
200002ba  row17                         
200002e4  row18                         
2000030e  row19                         
20000044  row2                          
20000338  row20                         
2000006e  row3                          
20000098  row4                          
200000c2  row5                          
200000ec  row6                          
20000116  row7                          
20000140  row8                          
2000016a  row9                          
000004af  simple_read_character         
20000000  topNbottom                    
000002f1  uart_init                     
00000399  uart_interrupt_init           


GLOBAL SYMBOLS: SORTED BY Symbol Address 

address   name                          
-------   ----                          
00000000  __TI_static_base__            
00000000  g_pfnVectors                  
00000200  __STACK_SIZE                  
000002f1  uart_init                     
00000399  uart_interrupt_init           
000003c1  gpio_interrupt_init           
00000445  UART0_Handler                 
0000048f  Switch_Handler                
000004a7  Timer_Handler                 
000004af  simple_read_character         
000004bd  output_character              
000004d5  output_string                 
000004f5  clr_page                      
00000505  new_line                      
0000051d  int2string                    
000005af  decode                        
000005c1  encode                        
000005d3  checker                       
0000060f  mover                         
00000655  printer                       
00000765  __aeabi_memcpy                
00000765  __aeabi_memcpy4               
00000765  __aeabi_memcpy8               
00000765  memcpy                        
00000801  __TI_decompress_lzss          
00000869  __TI_auto_init_nobinit_nopinit
000008b5  lab6                          
000008cf  game                          
000008f1  _c_int00_noargs               
00000925  __TI_decompress_none          
00000933  ResetISR                      
0000093f  main                          
00000949  _system_pre_init              
0000094d  C$$EXIT                       
0000094d  abort                         
00000ce0  __TI_Handler_Table_Base       
00000ce8  __TI_CINIT_Base               
00000ce8  __TI_Handler_Table_Limit      
00000cf0  __TI_CINIT_Limit              
20000000  __start___llvm_prf_cnts       
20000000  __stop___llvm_prf_cnts        
20000000  topNbottom                    
2000001a  row1                          
20000044  row2                          
2000006e  row3                          
20000098  row4                          
200000c2  row5                          
200000ec  row6                          
20000116  row7                          
20000140  row8                          
2000016a  row9                          
20000194  row10                         
200001be  row11                         
200001e8  row12                         
20000212  row13                         
2000023c  row14                         
20000266  row15                         
20000290  row16                         
200002ba  row17                         
200002e4  row18                         
2000030e  row19                         
20000338  row20                         
20000362  cordinatesNow                 
20000364  cordinatesNext                
20000366  direction                     
20000368  hit                           
20000378  moves                         
20000388  __stack                       
20000588  __STACK_END                   
20000588  __STACK_TOP                   
ffffffff  __TI_pprof_out_hndl           
ffffffff  __TI_prof_data_size           
ffffffff  __TI_prof_data_start          
ffffffff  __binit__                     
ffffffff  __c_args__                    
ffffffff  binit                         
UNDEFED   __mpu_init                    
UNDEFED   _system_post_cinit            

[78 symbols]
